******************************************************************************
                  MSP430 Linker PC v18.1.1                     
******************************************************************************
>> Linked Wed May 23 15:31:47 2018

OUTPUT FILE NAME:   <HW3_Code.out>
ENTRY POINT SYMBOL: "_c_int00_noargs"  address: 0000d28c


MEMORY CONFIGURATION

         name            origin    length      used     unused   attr    fill
----------------------  --------  ---------  --------  --------  ----  --------
  SFR                   00000000   00000010  00000000  00000010  RWIX
  PERIPHERALS_8BIT      00000010   000000f0  00000000  000000f0  RWIX
  PERIPHERALS_16BIT     00000100   00000100  00000000  00000100  RWIX
  RAM                   00000200   00000200  000000bc  00000144  RWIX
  INFOD                 00001000   00000040  00000000  00000040  RWIX
  INFOC                 00001040   00000040  00000000  00000040  RWIX
  INFOB                 00001080   00000040  00000000  00000040  RWIX
  INFOA                 000010c0   00000040  00000000  00000040  RWIX
  FLASH                 0000c000   00003fe0  0000141c  00002bc4  RWIX
  INT00                 0000ffe0   00000002  00000000  00000002  RWIX
  INT01                 0000ffe2   00000002  00000000  00000002  RWIX
  INT02                 0000ffe4   00000002  00000002  00000000  RWIX
  INT03                 0000ffe6   00000002  00000002  00000000  RWIX
  INT04                 0000ffe8   00000002  00000000  00000002  RWIX
  INT05                 0000ffea   00000002  00000002  00000000  RWIX
  INT06                 0000ffec   00000002  00000002  00000000  RWIX
  INT07                 0000ffee   00000002  00000002  00000000  RWIX
  INT08                 0000fff0   00000002  00000002  00000000  RWIX
  INT09                 0000fff2   00000002  00000002  00000000  RWIX
  INT10                 0000fff4   00000002  00000002  00000000  RWIX
  INT11                 0000fff6   00000002  00000002  00000000  RWIX
  INT12                 0000fff8   00000002  00000002  00000000  RWIX
  INT13                 0000fffa   00000002  00000002  00000000  RWIX
  INT14                 0000fffc   00000002  00000002  00000000  RWIX
  RESET                 0000fffe   00000002  00000002  00000000  RWIX


SECTION ALLOCATION MAP

 output                                  attributes/
section   page    origin      length       input sections
--------  ----  ----------  ----------   ----------------
.bss       0    00000200    0000005c     UNINITIALIZED
                  00000200    00000034     (.common:txbuff)
                  00000234    00000028     (.common:printbuff)

.data      0    0000025c    00000010     UNINITIALIZED
                  0000025c    0000000a     user_HW3_Code.obj (.data)
                  00000266    00000006     UARTfuncs.obj (.data)

.stack     0    000003b0    00000050     UNINITIALIZED
                  000003b0    00000002     rts430_eabi.lib : boot.c.obj (.stack)
                  000003b2    0000004e     --HOLE--

.text      0    0000c000    000013e0     
                  0000c000    00000478     rts430_eabi.lib : frcdivd.c.obj (.text:__TI_frcdivd)
                  0000c478    00000238                     : divd.c.obj (.text:__mspabi_divd)
                  0000c6b0    00000132                     : fs_add.asm.obj (.text)
                  0000c7e2    00000126     UARTfuncs.obj (.text:Init_UART)
                  0000c908    00000116     rts430_eabi.lib : _printfi_min.c.obj (.text:_setfield)
                  0000ca1e    000000f0                     : _printfi_min.c.obj (.text:__TI_printfi_minimal)
                  0000cb0e    000000ca                     : _printfi_min.c.obj (.text:_pproc_diouxp)
                  0000cbd8    000000c4                     : fs_mpy.asm.obj (.text)
                  0000cc9c    0000008c                     : cvtdf.c.obj (.text:__mspabi_cvtdf)
                  0000cd28    0000008a                     : fltuld.c.obj (.text:__mspabi_fltuld)
                  0000cdb2    00000088     user_HW3_Code.obj (.text:main)
                  0000ce3a    0000007c     user_HW3_Code.obj (.text:USCI0TX_ISR)
                  0000ceb6    0000007c     rts430_eabi.lib : copy_decompress_lzss.c.obj (.text:decompress:lzss:__TI_decompress_lzss)
                  0000cf32    00000068                     : fs_toi.asm.obj (.text)
                  0000cf9a    0000005c                     : lsr32.asm.obj (.text:l_lsr_const)
                  0000cff6    0000004c                     : lsr16.asm.obj (.text)
                  0000d042    0000004a                     : fs_cmp.asm.obj (.text)
                  0000d08c    00000042                     : autoinit.c.obj (.text:__TI_auto_init_nobinit_nopinit:__TI_auto_init_nobinit_nopinit)
                  0000d0ce    0000003e                     : asr32.asm.obj (.text:l_asr_const)
                  0000d10c    0000003e                     : lsl32.asm.obj (.text:l_lsl_const)
                  0000d14a    00000036                     : fs_itof.asm.obj (.text)
                  0000d180    00000034                     : vsprintf.c.obj (.text:vsprintf)
                  0000d1b4    0000002e     UARTfuncs.obj (.text:sendchars)
                  0000d1e2    0000002c     rts430_eabi.lib : asr16.asm.obj (.text)
                  0000d20e    0000002c                     : div16s.asm.obj (.text)
                  0000d23a    0000002c                     : lsl16.asm.obj (.text)
                  0000d266    00000026                     : mult32.asm.obj (.text)
                  0000d28c    0000001c                     : boot.c.obj (.text:_c_int00_noargs)
                  0000d2a8    0000001a     user_HW3_Code.obj (.text:Timer_A)
                  0000d2c2    0000001a     UARTfuncs.obj (.text:UART_printf)
                  0000d2dc    0000001a     rts430_eabi.lib : vsprintf.c.obj (.text:_outs)
                  0000d2f6    0000001a                     : memccpy.c.obj (.text:memccpy)
                  0000d310    00000016     user_HW3_Code.obj (.text:USCI0RX_ISR)
                  0000d326    00000016     rts430_eabi.lib : div16u.asm.obj (.text)
                  0000d33c    00000014                     : copy_zero_init.c.obj (.text:decompress:ZI:__TI_zero_init_nomemset:__TI_zero_init_nomemset)
                  0000d350    00000014                     : memset.c.obj (.text:memset)
                  0000d364    00000014                     : mult16.asm.obj (.text)
                  0000d378    00000012                     : vsprintf.c.obj (.text:_outc)
                  0000d38a    00000012                     : copy_decompress_none.c.obj (.text:decompress:none:__TI_decompress_none)
                  0000d39c    00000012                     : memcpy.c.obj (.text:memcpy)
                  0000d3ae    00000010                     : epilog.asm.obj (.text)
                  0000d3be    0000000e                     : strlen.c.obj (.text:strlen)
                  0000d3cc    00000008                     : isr_trap.asm.obj (.text:_isr:__TI_ISR_TRAP)
                  0000d3d4    00000006                     : exit.c.obj (.text:abort)
                  0000d3da    00000004                     : pre_init.c.obj (.text:_system_pre_init)
                  0000d3de    00000002                     : startup.c.obj (.text:_system_post_cinit)

.const     0    0000d3e0    00000020     
                  0000d3e0    00000014     rts430_eabi.lib : _printfi_min.c.obj (.const:.string)
                  0000d3f4    0000000c     user_HW3_Code.obj (.const:.string)

.cinit     0    0000d400    0000001c     
                  0000d400    0000000a     (.cinit..data.load) [load image, compression = lzss]
                  0000d40a    00000006     (__TI_handler_table)
                  0000d410    00000004     (.cinit..bss.load) [load image, compression = zero_init]
                  0000d414    00000008     (__TI_cinit_table)

.init_array 
*          0    0000c000    00000000     UNINITIALIZED

PORT1      0    0000ffe4    00000002     
                  0000ffe4    00000002     rts430_eabi.lib : int02.asm.obj (.int02)

PORT2      0    0000ffe6    00000002     
                  0000ffe6    00000002     rts430_eabi.lib : int03.asm.obj (.int03)

ADC10      0    0000ffea    00000002     
                  0000ffea    00000002     rts430_eabi.lib : int05.asm.obj (.int05)

USCIAB0TX 
*          0    0000ffec    00000002     
                  0000ffec    00000002     user_HW3_Code.obj (.int06)

USCIAB0RX 
*          0    0000ffee    00000002     
                  0000ffee    00000002     user_HW3_Code.obj (.int07)

TIMER0_A1 
*          0    0000fff0    00000002     
                  0000fff0    00000002     rts430_eabi.lib : int08.asm.obj (.int08)

TIMER0_A0 
*          0    0000fff2    00000002     
                  0000fff2    00000002     user_HW3_Code.obj (.int09)

WDT        0    0000fff4    00000002     
                  0000fff4    00000002     rts430_eabi.lib : int10.asm.obj (.int10)

COMPARATORA 
*          0    0000fff6    00000002     
                  0000fff6    00000002     rts430_eabi.lib : int11.asm.obj (.int11)

TIMER1_A1 
*          0    0000fff8    00000002     
                  0000fff8    00000002     rts430_eabi.lib : int12.asm.obj (.int12)

TIMER1_A0 
*          0    0000fffa    00000002     
                  0000fffa    00000002     rts430_eabi.lib : int13.asm.obj (.int13)

NMI        0    0000fffc    00000002     
                  0000fffc    00000002     rts430_eabi.lib : int14.asm.obj (.int14)

.reset     0    0000fffe    00000002     
                  0000fffe    00000002     rts430_eabi.lib : boot.c.obj (.reset)

MODULE SUMMARY

       Module                       code   ro data   rw data
       ------                       ----   -------   -------
    .\
       UARTfuncs.obj                366    0         98     
       user_HW3_Code.obj            308    18        10     
    +--+----------------------------+------+---------+---------+
       Total:                       674    18        108    
                                                            
    C:\ti\ccsv8\tools\compiler\ti-cgt-msp430_18.1.1.LTS\lib\rts430_eabi.lib
       frcdivd.c.obj                1144   0         0      
       _printfi_min.c.obj           720    20        0      
       divd.c.obj                   568    0         0      
       fs_add.asm.obj               306    0         0      
       fs_mpy.asm.obj               196    0         0      
       cvtdf.c.obj                  140    0         0      
       fltuld.c.obj                 138    0         0      
       copy_decompress_lzss.c.obj   124    0         0      
       fs_toi.asm.obj               104    0         0      
       vsprintf.c.obj               96     0         0      
       lsr32.asm.obj                92     0         0      
       lsr16.asm.obj                76     0         0      
       fs_cmp.asm.obj               74     0         0      
       autoinit.c.obj               66     0         0      
       asr32.asm.obj                62     0         0      
       lsl32.asm.obj                62     0         0      
       fs_itof.asm.obj              54     0         0      
       asr16.asm.obj                44     0         0      
       div16s.asm.obj               44     0         0      
       lsl16.asm.obj                44     0         0      
       mult32.asm.obj               38     0         0      
       boot.c.obj                   28     2         0      
       memccpy.c.obj                26     0         0      
       div16u.asm.obj               22     0         0      
       copy_zero_init.c.obj         20     0         0      
       memset.c.obj                 20     0         0      
       mult16.asm.obj               20     0         0      
       copy_decompress_none.c.obj   18     0         0      
       memcpy.c.obj                 18     0         0      
       epilog.asm.obj               16     0         0      
       strlen.c.obj                 14     0         0      
       isr_trap.asm.obj             8      0         0      
       exit.c.obj                   6      0         0      
       pre_init.c.obj               4      0         0      
       int02.asm.obj                0      2         0      
       int03.asm.obj                0      2         0      
       int05.asm.obj                0      2         0      
       int08.asm.obj                0      2         0      
       int10.asm.obj                0      2         0      
       int11.asm.obj                0      2         0      
       int12.asm.obj                0      2         0      
       int13.asm.obj                0      2         0      
       int14.asm.obj                0      2         0      
       startup.c.obj                2      0         0      
    +--+----------------------------+------+---------+---------+
       Total:                       4414   40        0      
                                                            
       Stack:                       0      0         80     
       Linker Generated:            0      28        0      
    +--+----------------------------+------+---------+---------+
       Grand Total:                 5088   86        188    


LINKER GENERATED COPY TABLES

__TI_cinit_table @ 0000d414 records: 2, size/record: 4, table size: 8
	.data: load addr=0000d400, load size=0000000a bytes, run addr=0000025c, run size=00000010 bytes, compression=lzss
	.bss: load addr=0000d410, load size=00000004 bytes, run addr=00000200, run size=0000005c bytes, compression=zero_init


LINKER GENERATED HANDLER TABLE

__TI_handler_table @ 0000d40a records: 3, size/record: 2, table size: 6
	index: 0, handler: __TI_zero_init
	index: 1, handler: __TI_decompress_lzss
	index: 2, handler: __TI_decompress_none


GLOBAL SYMBOLS: SORTED ALPHABETICALLY BY Name 

address   name                          
-------   ----                          
0000004a  ADC10AE0                      
000001b0  ADC10CTL0                     
000001b2  ADC10CTL1                     
00000048  ADC10DTC0                     
00000049  ADC10DTC1                     
000001b4  ADC10MEM                      
000001bc  ADC10SA                       
00000057  BCSCTL1                       
00000058  BCSCTL2                       
00000053  BCSCTL3                       
0000d3d4  C$$EXIT                       
00000059  CACTL1                        
0000005a  CACTL2                        
000010fb  CALBC1_12MHZ                  
000010f9  CALBC1_16MHZ                  
000010ff  CALBC1_1MHZ                   
000010fd  CALBC1_8MHZ                   
000010fa  CALDCO_12MHZ                  
000010f8  CALDCO_16MHZ                  
000010fe  CALDCO_1MHZ                   
000010fc  CALDCO_8MHZ                   
0000005b  CAPD                          
00000056  DCOCTL                        
00000128  FCTL1                         
0000012a  FCTL2                         
0000012c  FCTL3                         
00000000  IE1                           
00000001  IE2                           
00000002  IFG1                          
00000003  IFG2                          
0000c7e2  Init_UART                     
00000022  P1DIR                         
00000025  P1IE                          
00000024  P1IES                         
00000023  P1IFG                         
00000020  P1IN                          
00000021  P1OUT                         
00000027  P1REN                         
00000026  P1SEL                         
00000041  P1SEL2                        
0000002a  P2DIR                         
0000002d  P2IE                          
0000002c  P2IES                         
0000002b  P2IFG                         
00000028  P2IN                          
00000029  P2OUT                         
0000002f  P2REN                         
0000002e  P2SEL                         
00000042  P2SEL2                        
0000001a  P3DIR                         
00000018  P3IN                          
00000019  P3OUT                         
00000010  P3REN                         
0000001b  P3SEL                         
00000043  P3SEL2                        
00000172  TA0CCR0                       
00000174  TA0CCR1                       
00000176  TA0CCR2                       
00000162  TA0CCTL0                      
00000164  TA0CCTL1                      
00000166  TA0CCTL2                      
00000160  TA0CTL                        
0000012e  TA0IV                         
00000170  TA0R                          
00000192  TA1CCR0                       
00000194  TA1CCR1                       
00000196  TA1CCR2                       
00000182  TA1CCTL0                      
00000184  TA1CCTL1                      
00000186  TA1CCTL2                      
00000180  TA1CTL                        
0000011e  TA1IV                         
00000190  TA1R                          
000010db  TLV_ADC10_1_LEN               
000010da  TLV_ADC10_1_TAG               
000010c0  TLV_CHECKSUM                  
000010f7  TLV_DCO_30_LEN                
000010f6  TLV_DCO_30_TAG                
0000d2a8  Timer_A                       
0000026b  UART_flag                     
0000d2c2  UART_printf                   
0000005d  UCA0ABCTL                     
00000062  UCA0BR0                       
00000063  UCA0BR1                       
00000060  UCA0CTL0                      
00000061  UCA0CTL1                      
0000005f  UCA0IRRCTL                    
0000005e  UCA0IRTCTL                    
00000064  UCA0MCTL                      
00000066  UCA0RXBUF                     
00000065  UCA0STAT                      
00000067  UCA0TXBUF                     
0000006a  UCB0BR0                       
0000006b  UCB0BR1                       
00000068  UCB0CTL0                      
00000069  UCB0CTL1                      
0000006c  UCB0I2CIE                     
00000118  UCB0I2COA                     
0000011a  UCB0I2CSA                     
0000006e  UCB0RXBUF                     
0000006d  UCB0STAT                      
0000006f  UCB0TXBUF                     
0000d310  USCI0RX_ISR                   
0000ce3a  USCI0TX_ISR                   
00000120  WDTCTL                        
00000400  __STACK_END                   
00000050  __STACK_SIZE                  
0000d414  __TI_CINIT_Base               
0000d41c  __TI_CINIT_Limit              
0000d40a  __TI_Handler_Table_Base       
0000d410  __TI_Handler_Table_Limit      
0000d3cc  __TI_ISR_TRAP                 
0000d08c  __TI_auto_init_nobinit_nopinit
0000ceb6  __TI_decompress_lzss          
0000d38a  __TI_decompress_none          
0000c000  __TI_frcdivd                  
0000ffe4  __TI_int02                    
0000ffe6  __TI_int03                    
0000ffea  __TI_int05                    
0000ffec  __TI_int06                    
0000ffee  __TI_int07                    
0000fff0  __TI_int08                    
0000fff2  __TI_int09                    
0000fff4  __TI_int10                    
0000fff6  __TI_int11                    
0000fff8  __TI_int12                    
0000fffa  __TI_int13                    
0000fffc  __TI_int14                    
ffffffff  __TI_pprof_out_hndl           
0000ca1e  __TI_printfi_minimal          
ffffffff  __TI_prof_data_size           
ffffffff  __TI_prof_data_start          
0000d33c  __TI_zero_init_nomemset       
ffffffff  __c_args__                    
0000c6b6  __mspabi_addf                 
0000d042  __mspabi_cmpf                 
0000cc9c  __mspabi_cvtdf                
0000c478  __mspabi_divd                 
0000d20e  __mspabi_divi                 
0000d326  __mspabi_divu                 
0000cf32  __mspabi_fixfi                
0000d14a  __mspabi_fltif                
0000cd28  __mspabi_fltuld               
0000d3ba  __mspabi_func_epilog_1        
0000d3b8  __mspabi_func_epilog_2        
0000d3b6  __mspabi_func_epilog_3        
0000d3b4  __mspabi_func_epilog_4        
0000d3b2  __mspabi_func_epilog_5        
0000d3b0  __mspabi_func_epilog_6        
0000d3ae  __mspabi_func_epilog_7        
0000cbd8  __mspabi_mpyf                 
0000d364  __mspabi_mpyi                 
0000d364  __mspabi_mpyi_sw              
0000d266  __mspabi_mpyl                 
0000d266  __mspabi_mpyl_sw              
0000d20e  __mspabi_remi                 
0000d326  __mspabi_remu                 
0000d23a  __mspabi_slli                 
0000d262  __mspabi_slli_1               
0000d250  __mspabi_slli_10              
0000d24e  __mspabi_slli_11              
0000d24c  __mspabi_slli_12              
0000d24a  __mspabi_slli_13              
0000d248  __mspabi_slli_14              
0000d246  __mspabi_slli_15              
0000d260  __mspabi_slli_2               
0000d25e  __mspabi_slli_3               
0000d25c  __mspabi_slli_4               
0000d25a  __mspabi_slli_5               
0000d258  __mspabi_slli_6               
0000d256  __mspabi_slli_7               
0000d254  __mspabi_slli_8               
0000d252  __mspabi_slli_9               
0000d144  __mspabi_slll_1               
0000d120  __mspabi_slll_10              
0000d11c  __mspabi_slll_11              
0000d118  __mspabi_slll_12              
0000d114  __mspabi_slll_13              
0000d110  __mspabi_slll_14              
0000d10c  __mspabi_slll_15              
0000d140  __mspabi_slll_2               
0000d13c  __mspabi_slll_3               
0000d138  __mspabi_slll_4               
0000d134  __mspabi_slll_5               
0000d130  __mspabi_slll_6               
0000d12c  __mspabi_slll_7               
0000d128  __mspabi_slll_8               
0000d124  __mspabi_slll_9               
0000d1e2  __mspabi_srai                 
0000d20a  __mspabi_srai_1               
0000d1f8  __mspabi_srai_10              
0000d1f6  __mspabi_srai_11              
0000d1f4  __mspabi_srai_12              
0000d1f2  __mspabi_srai_13              
0000d1f0  __mspabi_srai_14              
0000d1ee  __mspabi_srai_15              
0000d208  __mspabi_srai_2               
0000d206  __mspabi_srai_3               
0000d204  __mspabi_srai_4               
0000d202  __mspabi_srai_5               
0000d200  __mspabi_srai_6               
0000d1fe  __mspabi_srai_7               
0000d1fc  __mspabi_srai_8               
0000d1fa  __mspabi_srai_9               
0000d106  __mspabi_sral_1               
0000d0e2  __mspabi_sral_10              
0000d0de  __mspabi_sral_11              
0000d0da  __mspabi_sral_12              
0000d0d6  __mspabi_sral_13              
0000d0d2  __mspabi_sral_14              
0000d0ce  __mspabi_sral_15              
0000d102  __mspabi_sral_2               
0000d0fe  __mspabi_sral_3               
0000d0fa  __mspabi_sral_4               
0000d0f6  __mspabi_sral_5               
0000d0f2  __mspabi_sral_6               
0000d0ee  __mspabi_sral_7               
0000d0ea  __mspabi_sral_8               
0000d0e6  __mspabi_sral_9               
0000cff6  __mspabi_srli                 
0000d03c  __mspabi_srli_1               
0000d018  __mspabi_srli_10              
0000d014  __mspabi_srli_11              
0000d010  __mspabi_srli_12              
0000d00c  __mspabi_srli_13              
0000d008  __mspabi_srli_14              
0000d004  __mspabi_srli_15              
0000d038  __mspabi_srli_2               
0000d034  __mspabi_srli_3               
0000d030  __mspabi_srli_4               
0000d02c  __mspabi_srli_5               
0000d028  __mspabi_srli_6               
0000d024  __mspabi_srli_7               
0000d020  __mspabi_srli_8               
0000d01c  __mspabi_srli_9               
0000cfee  __mspabi_srll_1               
0000cfb8  __mspabi_srll_10              
0000cfb2  __mspabi_srll_11              
0000cfac  __mspabi_srll_12              
0000cfa6  __mspabi_srll_13              
0000cfa0  __mspabi_srll_14              
0000cf9a  __mspabi_srll_15              
0000cfe8  __mspabi_srll_2               
0000cfe2  __mspabi_srll_3               
0000cfdc  __mspabi_srll_4               
0000cfd6  __mspabi_srll_5               
0000cfd0  __mspabi_srll_6               
0000cfca  __mspabi_srll_7               
0000cfc4  __mspabi_srll_8               
0000cfbe  __mspabi_srll_9               
0000c6b0  __mspabi_subf                 
0000d28c  _c_int00_noargs               
0000fffe  _reset_vector                 
000003b0  _stack                        
0000d3de  _system_post_cinit            
0000d3da  _system_pre_init              
0000d3d4  abort                         
00000268  currentindex                  
00000266  donesending                   
0000cdb2  main                          
0000d2f6  memccpy                       
0000d39c  memcpy                        
0000d350  memset                        
0000025c  msgindex                      
0000025f  newmsg                        
00000260  newprint                      
00000234  printbuff                     
0000026a  printf_flag                   
0000d1b4  sendchars                     
00000269  senddone                      
0000025e  started                       
0000d3be  strlen                        
00000264  timecheck                     
00000262  timecnt                       
00000200  txbuff                        
00000267  txcount                       
0000025d  txindex                       
0000d180  vsprintf                      


GLOBAL SYMBOLS: SORTED BY Symbol Address 

address   name                          
-------   ----                          
00000000  IE1                           
00000001  IE2                           
00000002  IFG1                          
00000003  IFG2                          
00000010  P3REN                         
00000018  P3IN                          
00000019  P3OUT                         
0000001a  P3DIR                         
0000001b  P3SEL                         
00000020  P1IN                          
00000021  P1OUT                         
00000022  P1DIR                         
00000023  P1IFG                         
00000024  P1IES                         
00000025  P1IE                          
00000026  P1SEL                         
00000027  P1REN                         
00000028  P2IN                          
00000029  P2OUT                         
0000002a  P2DIR                         
0000002b  P2IFG                         
0000002c  P2IES                         
0000002d  P2IE                          
0000002e  P2SEL                         
0000002f  P2REN                         
00000041  P1SEL2                        
00000042  P2SEL2                        
00000043  P3SEL2                        
00000048  ADC10DTC0                     
00000049  ADC10DTC1                     
0000004a  ADC10AE0                      
00000050  __STACK_SIZE                  
00000053  BCSCTL3                       
00000056  DCOCTL                        
00000057  BCSCTL1                       
00000058  BCSCTL2                       
00000059  CACTL1                        
0000005a  CACTL2                        
0000005b  CAPD                          
0000005d  UCA0ABCTL                     
0000005e  UCA0IRTCTL                    
0000005f  UCA0IRRCTL                    
00000060  UCA0CTL0                      
00000061  UCA0CTL1                      
00000062  UCA0BR0                       
00000063  UCA0BR1                       
00000064  UCA0MCTL                      
00000065  UCA0STAT                      
00000066  UCA0RXBUF                     
00000067  UCA0TXBUF                     
00000068  UCB0CTL0                      
00000069  UCB0CTL1                      
0000006a  UCB0BR0                       
0000006b  UCB0BR1                       
0000006c  UCB0I2CIE                     
0000006d  UCB0STAT                      
0000006e  UCB0RXBUF                     
0000006f  UCB0TXBUF                     
00000118  UCB0I2COA                     
0000011a  UCB0I2CSA                     
0000011e  TA1IV                         
00000120  WDTCTL                        
00000128  FCTL1                         
0000012a  FCTL2                         
0000012c  FCTL3                         
0000012e  TA0IV                         
00000160  TA0CTL                        
00000162  TA0CCTL0                      
00000164  TA0CCTL1                      
00000166  TA0CCTL2                      
00000170  TA0R                          
00000172  TA0CCR0                       
00000174  TA0CCR1                       
00000176  TA0CCR2                       
00000180  TA1CTL                        
00000182  TA1CCTL0                      
00000184  TA1CCTL1                      
00000186  TA1CCTL2                      
00000190  TA1R                          
00000192  TA1CCR0                       
00000194  TA1CCR1                       
00000196  TA1CCR2                       
000001b0  ADC10CTL0                     
000001b2  ADC10CTL1                     
000001b4  ADC10MEM                      
000001bc  ADC10SA                       
00000200  txbuff                        
00000234  printbuff                     
0000025c  msgindex                      
0000025d  txindex                       
0000025e  started                       
0000025f  newmsg                        
00000260  newprint                      
00000262  timecnt                       
00000264  timecheck                     
00000266  donesending                   
00000267  txcount                       
00000268  currentindex                  
00000269  senddone                      
0000026a  printf_flag                   
0000026b  UART_flag                     
000003b0  _stack                        
00000400  __STACK_END                   
000010c0  TLV_CHECKSUM                  
000010da  TLV_ADC10_1_TAG               
000010db  TLV_ADC10_1_LEN               
000010f6  TLV_DCO_30_TAG                
000010f7  TLV_DCO_30_LEN                
000010f8  CALDCO_16MHZ                  
000010f9  CALBC1_16MHZ                  
000010fa  CALDCO_12MHZ                  
000010fb  CALBC1_12MHZ                  
000010fc  CALDCO_8MHZ                   
000010fd  CALBC1_8MHZ                   
000010fe  CALDCO_1MHZ                   
000010ff  CALBC1_1MHZ                   
0000c000  __TI_frcdivd                  
0000c478  __mspabi_divd                 
0000c6b0  __mspabi_subf                 
0000c6b6  __mspabi_addf                 
0000c7e2  Init_UART                     
0000ca1e  __TI_printfi_minimal          
0000cbd8  __mspabi_mpyf                 
0000cc9c  __mspabi_cvtdf                
0000cd28  __mspabi_fltuld               
0000cdb2  main                          
0000ce3a  USCI0TX_ISR                   
0000ceb6  __TI_decompress_lzss          
0000cf32  __mspabi_fixfi                
0000cf9a  __mspabi_srll_15              
0000cfa0  __mspabi_srll_14              
0000cfa6  __mspabi_srll_13              
0000cfac  __mspabi_srll_12              
0000cfb2  __mspabi_srll_11              
0000cfb8  __mspabi_srll_10              
0000cfbe  __mspabi_srll_9               
0000cfc4  __mspabi_srll_8               
0000cfca  __mspabi_srll_7               
0000cfd0  __mspabi_srll_6               
0000cfd6  __mspabi_srll_5               
0000cfdc  __mspabi_srll_4               
0000cfe2  __mspabi_srll_3               
0000cfe8  __mspabi_srll_2               
0000cfee  __mspabi_srll_1               
0000cff6  __mspabi_srli                 
0000d004  __mspabi_srli_15              
0000d008  __mspabi_srli_14              
0000d00c  __mspabi_srli_13              
0000d010  __mspabi_srli_12              
0000d014  __mspabi_srli_11              
0000d018  __mspabi_srli_10              
0000d01c  __mspabi_srli_9               
0000d020  __mspabi_srli_8               
0000d024  __mspabi_srli_7               
0000d028  __mspabi_srli_6               
0000d02c  __mspabi_srli_5               
0000d030  __mspabi_srli_4               
0000d034  __mspabi_srli_3               
0000d038  __mspabi_srli_2               
0000d03c  __mspabi_srli_1               
0000d042  __mspabi_cmpf                 
0000d08c  __TI_auto_init_nobinit_nopinit
0000d0ce  __mspabi_sral_15              
0000d0d2  __mspabi_sral_14              
0000d0d6  __mspabi_sral_13              
0000d0da  __mspabi_sral_12              
0000d0de  __mspabi_sral_11              
0000d0e2  __mspabi_sral_10              
0000d0e6  __mspabi_sral_9               
0000d0ea  __mspabi_sral_8               
0000d0ee  __mspabi_sral_7               
0000d0f2  __mspabi_sral_6               
0000d0f6  __mspabi_sral_5               
0000d0fa  __mspabi_sral_4               
0000d0fe  __mspabi_sral_3               
0000d102  __mspabi_sral_2               
0000d106  __mspabi_sral_1               
0000d10c  __mspabi_slll_15              
0000d110  __mspabi_slll_14              
0000d114  __mspabi_slll_13              
0000d118  __mspabi_slll_12              
0000d11c  __mspabi_slll_11              
0000d120  __mspabi_slll_10              
0000d124  __mspabi_slll_9               
0000d128  __mspabi_slll_8               
0000d12c  __mspabi_slll_7               
0000d130  __mspabi_slll_6               
0000d134  __mspabi_slll_5               
0000d138  __mspabi_slll_4               
0000d13c  __mspabi_slll_3               
0000d140  __mspabi_slll_2               
0000d144  __mspabi_slll_1               
0000d14a  __mspabi_fltif                
0000d180  vsprintf                      
0000d1b4  sendchars                     
0000d1e2  __mspabi_srai                 
0000d1ee  __mspabi_srai_15              
0000d1f0  __mspabi_srai_14              
0000d1f2  __mspabi_srai_13              
0000d1f4  __mspabi_srai_12              
0000d1f6  __mspabi_srai_11              
0000d1f8  __mspabi_srai_10              
0000d1fa  __mspabi_srai_9               
0000d1fc  __mspabi_srai_8               
0000d1fe  __mspabi_srai_7               
0000d200  __mspabi_srai_6               
0000d202  __mspabi_srai_5               
0000d204  __mspabi_srai_4               
0000d206  __mspabi_srai_3               
0000d208  __mspabi_srai_2               
0000d20a  __mspabi_srai_1               
0000d20e  __mspabi_divi                 
0000d20e  __mspabi_remi                 
0000d23a  __mspabi_slli                 
0000d246  __mspabi_slli_15              
0000d248  __mspabi_slli_14              
0000d24a  __mspabi_slli_13              
0000d24c  __mspabi_slli_12              
0000d24e  __mspabi_slli_11              
0000d250  __mspabi_slli_10              
0000d252  __mspabi_slli_9               
0000d254  __mspabi_slli_8               
0000d256  __mspabi_slli_7               
0000d258  __mspabi_slli_6               
0000d25a  __mspabi_slli_5               
0000d25c  __mspabi_slli_4               
0000d25e  __mspabi_slli_3               
0000d260  __mspabi_slli_2               
0000d262  __mspabi_slli_1               
0000d266  __mspabi_mpyl                 
0000d266  __mspabi_mpyl_sw              
0000d28c  _c_int00_noargs               
0000d2a8  Timer_A                       
0000d2c2  UART_printf                   
0000d2f6  memccpy                       
0000d310  USCI0RX_ISR                   
0000d326  __mspabi_divu                 
0000d326  __mspabi_remu                 
0000d33c  __TI_zero_init_nomemset       
0000d350  memset                        
0000d364  __mspabi_mpyi                 
0000d364  __mspabi_mpyi_sw              
0000d38a  __TI_decompress_none          
0000d39c  memcpy                        
0000d3ae  __mspabi_func_epilog_7        
0000d3b0  __mspabi_func_epilog_6        
0000d3b2  __mspabi_func_epilog_5        
0000d3b4  __mspabi_func_epilog_4        
0000d3b6  __mspabi_func_epilog_3        
0000d3b8  __mspabi_func_epilog_2        
0000d3ba  __mspabi_func_epilog_1        
0000d3be  strlen                        
0000d3cc  __TI_ISR_TRAP                 
0000d3d4  C$$EXIT                       
0000d3d4  abort                         
0000d3da  _system_pre_init              
0000d3de  _system_post_cinit            
0000d40a  __TI_Handler_Table_Base       
0000d410  __TI_Handler_Table_Limit      
0000d414  __TI_CINIT_Base               
0000d41c  __TI_CINIT_Limit              
0000ffe4  __TI_int02                    
0000ffe6  __TI_int03                    
0000ffea  __TI_int05                    
0000ffec  __TI_int06                    
0000ffee  __TI_int07                    
0000fff0  __TI_int08                    
0000fff2  __TI_int09                    
0000fff4  __TI_int10                    
0000fff6  __TI_int11                    
0000fff8  __TI_int12                    
0000fffa  __TI_int13                    
0000fffc  __TI_int14                    
0000fffe  _reset_vector                 
ffffffff  __TI_pprof_out_hndl           
ffffffff  __TI_prof_data_size           
ffffffff  __TI_prof_data_start          
ffffffff  __c_args__                    

[278 symbols]
