<?xml version="1.0" encoding="ISO-8859-1" ?>
<link_info>
   <banner>MSP430 Linker PC v18.1.1.LTS</banner>
   <copyright>Copyright (c) 2003-2017 Texas Instruments Incorporated</copyright>
   <link_time>0x5b05cfa7</link_time>
   <link_errors>0x0</link_errors>
   <output_file>HW2_Code.out</output_file>
   <entry_point>
      <name>_c_int00_noargs</name>
      <address>0xd28c</address>
   </entry_point>
   <input_file_list>
      <input_file id="fl-2">
         <path>.\</path>
         <kind>object</kind>
         <file>UARTfuncs.obj</file>
         <name>UARTfuncs.obj</name>
      </input_file>
      <input_file id="fl-3">
         <path>.\</path>
         <kind>object</kind>
         <file>user_HW2_Code.obj</file>
         <name>user_HW2_Code.obj</name>
      </input_file>
      <input_file id="fl-8">
         <kind>object</kind>
         <file>&lt;internal&gt;</file>
         <name>&lt;internal&gt;</name>
      </input_file>
      <input_file id="fl-1e">
         <path>C:\ti\ccsv8\tools\compiler\ti-cgt-msp430_18.1.1.LTS\lib\</path>
         <kind>archive</kind>
         <file>rts430_eabi.lib</file>
         <name>asr16.asm.obj</name>
      </input_file>
      <input_file id="fl-1f">
         <path>C:\ti\ccsv8\tools\compiler\ti-cgt-msp430_18.1.1.LTS\lib\</path>
         <kind>archive</kind>
         <file>rts430_eabi.lib</file>
         <name>div16s.asm.obj</name>
      </input_file>
      <input_file id="fl-20">
         <path>C:\ti\ccsv8\tools\compiler\ti-cgt-msp430_18.1.1.LTS\lib\</path>
         <kind>archive</kind>
         <file>rts430_eabi.lib</file>
         <name>div16u.asm.obj</name>
      </input_file>
      <input_file id="fl-21">
         <path>C:\ti\ccsv8\tools\compiler\ti-cgt-msp430_18.1.1.LTS\lib\</path>
         <kind>archive</kind>
         <file>rts430_eabi.lib</file>
         <name>epilog.asm.obj</name>
      </input_file>
      <input_file id="fl-22">
         <path>C:\ti\ccsv8\tools\compiler\ti-cgt-msp430_18.1.1.LTS\lib\</path>
         <kind>archive</kind>
         <file>rts430_eabi.lib</file>
         <name>fs_add.asm.obj</name>
      </input_file>
      <input_file id="fl-23">
         <path>C:\ti\ccsv8\tools\compiler\ti-cgt-msp430_18.1.1.LTS\lib\</path>
         <kind>archive</kind>
         <file>rts430_eabi.lib</file>
         <name>fs_cmp.asm.obj</name>
      </input_file>
      <input_file id="fl-24">
         <path>C:\ti\ccsv8\tools\compiler\ti-cgt-msp430_18.1.1.LTS\lib\</path>
         <kind>archive</kind>
         <file>rts430_eabi.lib</file>
         <name>fs_itof.asm.obj</name>
      </input_file>
      <input_file id="fl-25">
         <path>C:\ti\ccsv8\tools\compiler\ti-cgt-msp430_18.1.1.LTS\lib\</path>
         <kind>archive</kind>
         <file>rts430_eabi.lib</file>
         <name>fs_mpy.asm.obj</name>
      </input_file>
      <input_file id="fl-26">
         <path>C:\ti\ccsv8\tools\compiler\ti-cgt-msp430_18.1.1.LTS\lib\</path>
         <kind>archive</kind>
         <file>rts430_eabi.lib</file>
         <name>fs_toi.asm.obj</name>
      </input_file>
      <input_file id="fl-27">
         <path>C:\ti\ccsv8\tools\compiler\ti-cgt-msp430_18.1.1.LTS\lib\</path>
         <kind>archive</kind>
         <file>rts430_eabi.lib</file>
         <name>int02.asm.obj</name>
      </input_file>
      <input_file id="fl-28">
         <path>C:\ti\ccsv8\tools\compiler\ti-cgt-msp430_18.1.1.LTS\lib\</path>
         <kind>archive</kind>
         <file>rts430_eabi.lib</file>
         <name>int03.asm.obj</name>
      </input_file>
      <input_file id="fl-29">
         <path>C:\ti\ccsv8\tools\compiler\ti-cgt-msp430_18.1.1.LTS\lib\</path>
         <kind>archive</kind>
         <file>rts430_eabi.lib</file>
         <name>int05.asm.obj</name>
      </input_file>
      <input_file id="fl-2a">
         <path>C:\ti\ccsv8\tools\compiler\ti-cgt-msp430_18.1.1.LTS\lib\</path>
         <kind>archive</kind>
         <file>rts430_eabi.lib</file>
         <name>int08.asm.obj</name>
      </input_file>
      <input_file id="fl-2b">
         <path>C:\ti\ccsv8\tools\compiler\ti-cgt-msp430_18.1.1.LTS\lib\</path>
         <kind>archive</kind>
         <file>rts430_eabi.lib</file>
         <name>int10.asm.obj</name>
      </input_file>
      <input_file id="fl-2c">
         <path>C:\ti\ccsv8\tools\compiler\ti-cgt-msp430_18.1.1.LTS\lib\</path>
         <kind>archive</kind>
         <file>rts430_eabi.lib</file>
         <name>int11.asm.obj</name>
      </input_file>
      <input_file id="fl-2d">
         <path>C:\ti\ccsv8\tools\compiler\ti-cgt-msp430_18.1.1.LTS\lib\</path>
         <kind>archive</kind>
         <file>rts430_eabi.lib</file>
         <name>int12.asm.obj</name>
      </input_file>
      <input_file id="fl-2e">
         <path>C:\ti\ccsv8\tools\compiler\ti-cgt-msp430_18.1.1.LTS\lib\</path>
         <kind>archive</kind>
         <file>rts430_eabi.lib</file>
         <name>int13.asm.obj</name>
      </input_file>
      <input_file id="fl-2f">
         <path>C:\ti\ccsv8\tools\compiler\ti-cgt-msp430_18.1.1.LTS\lib\</path>
         <kind>archive</kind>
         <file>rts430_eabi.lib</file>
         <name>int14.asm.obj</name>
      </input_file>
      <input_file id="fl-30">
         <path>C:\ti\ccsv8\tools\compiler\ti-cgt-msp430_18.1.1.LTS\lib\</path>
         <kind>archive</kind>
         <file>rts430_eabi.lib</file>
         <name>isr_trap.asm.obj</name>
      </input_file>
      <input_file id="fl-31">
         <path>C:\ti\ccsv8\tools\compiler\ti-cgt-msp430_18.1.1.LTS\lib\</path>
         <kind>archive</kind>
         <file>rts430_eabi.lib</file>
         <name>lsl16.asm.obj</name>
      </input_file>
      <input_file id="fl-32">
         <path>C:\ti\ccsv8\tools\compiler\ti-cgt-msp430_18.1.1.LTS\lib\</path>
         <kind>archive</kind>
         <file>rts430_eabi.lib</file>
         <name>lsl32.asm.obj</name>
      </input_file>
      <input_file id="fl-33">
         <path>C:\ti\ccsv8\tools\compiler\ti-cgt-msp430_18.1.1.LTS\lib\</path>
         <kind>archive</kind>
         <file>rts430_eabi.lib</file>
         <name>lsr16.asm.obj</name>
      </input_file>
      <input_file id="fl-34">
         <path>C:\ti\ccsv8\tools\compiler\ti-cgt-msp430_18.1.1.LTS\lib\</path>
         <kind>archive</kind>
         <file>rts430_eabi.lib</file>
         <name>lsr32.asm.obj</name>
      </input_file>
      <input_file id="fl-35">
         <path>C:\ti\ccsv8\tools\compiler\ti-cgt-msp430_18.1.1.LTS\lib\</path>
         <kind>archive</kind>
         <file>rts430_eabi.lib</file>
         <name>boot.c.obj</name>
      </input_file>
      <input_file id="fl-36">
         <path>C:\ti\ccsv8\tools\compiler\ti-cgt-msp430_18.1.1.LTS\lib\</path>
         <kind>archive</kind>
         <file>rts430_eabi.lib</file>
         <name>autoinit.c.obj</name>
      </input_file>
      <input_file id="fl-37">
         <path>C:\ti\ccsv8\tools\compiler\ti-cgt-msp430_18.1.1.LTS\lib\</path>
         <kind>archive</kind>
         <file>rts430_eabi.lib</file>
         <name>copy_zero_init.c.obj</name>
      </input_file>
      <input_file id="fl-38">
         <path>C:\ti\ccsv8\tools\compiler\ti-cgt-msp430_18.1.1.LTS\lib\</path>
         <kind>archive</kind>
         <file>rts430_eabi.lib</file>
         <name>cpy_tbl.c.obj</name>
      </input_file>
      <input_file id="fl-39">
         <path>C:\ti\ccsv8\tools\compiler\ti-cgt-msp430_18.1.1.LTS\lib\</path>
         <kind>archive</kind>
         <file>rts430_eabi.lib</file>
         <name>mpu_init.c.obj</name>
      </input_file>
      <input_file id="fl-3a">
         <path>C:\ti\ccsv8\tools\compiler\ti-cgt-msp430_18.1.1.LTS\lib\</path>
         <kind>archive</kind>
         <file>rts430_eabi.lib</file>
         <name>pre_init.c.obj</name>
      </input_file>
      <input_file id="fl-3b">
         <path>C:\ti\ccsv8\tools\compiler\ti-cgt-msp430_18.1.1.LTS\lib\</path>
         <kind>archive</kind>
         <file>rts430_eabi.lib</file>
         <name>startup.c.obj</name>
      </input_file>
      <input_file id="fl-3c">
         <path>C:\ti\ccsv8\tools\compiler\ti-cgt-msp430_18.1.1.LTS\lib\</path>
         <kind>archive</kind>
         <file>rts430_eabi.lib</file>
         <name>copy_decompress_none.c.obj</name>
      </input_file>
      <input_file id="fl-3d">
         <path>C:\ti\ccsv8\tools\compiler\ti-cgt-msp430_18.1.1.LTS\lib\</path>
         <kind>archive</kind>
         <file>rts430_eabi.lib</file>
         <name>copy_decompress_lzss.c.obj</name>
      </input_file>
      <input_file id="fl-3e">
         <path>C:\ti\ccsv8\tools\compiler\ti-cgt-msp430_18.1.1.LTS\lib\</path>
         <kind>archive</kind>
         <file>rts430_eabi.lib</file>
         <name>divd.c.obj</name>
      </input_file>
      <input_file id="fl-3f">
         <path>C:\ti\ccsv8\tools\compiler\ti-cgt-msp430_18.1.1.LTS\lib\</path>
         <kind>archive</kind>
         <file>rts430_eabi.lib</file>
         <name>fltuld.c.obj</name>
      </input_file>
      <input_file id="fl-40">
         <path>C:\ti\ccsv8\tools\compiler\ti-cgt-msp430_18.1.1.LTS\lib\</path>
         <kind>archive</kind>
         <file>rts430_eabi.lib</file>
         <name>frcdivd.c.obj</name>
      </input_file>
      <input_file id="fl-41">
         <path>C:\ti\ccsv8\tools\compiler\ti-cgt-msp430_18.1.1.LTS\lib\</path>
         <kind>archive</kind>
         <file>rts430_eabi.lib</file>
         <name>cvtdf.c.obj</name>
      </input_file>
      <input_file id="fl-42">
         <path>C:\ti\ccsv8\tools\compiler\ti-cgt-msp430_18.1.1.LTS\lib\</path>
         <kind>archive</kind>
         <file>rts430_eabi.lib</file>
         <name>exit.c.obj</name>
      </input_file>
      <input_file id="fl-43">
         <path>C:\ti\ccsv8\tools\compiler\ti-cgt-msp430_18.1.1.LTS\lib\</path>
         <kind>archive</kind>
         <file>rts430_eabi.lib</file>
         <name>_lock.c.obj</name>
      </input_file>
      <input_file id="fl-44">
         <path>C:\ti\ccsv8\tools\compiler\ti-cgt-msp430_18.1.1.LTS\lib\</path>
         <kind>archive</kind>
         <file>rts430_eabi.lib</file>
         <name>args_main.c.obj</name>
      </input_file>
      <input_file id="fl-45">
         <path>C:\ti\ccsv8\tools\compiler\ti-cgt-msp430_18.1.1.LTS\lib\</path>
         <kind>archive</kind>
         <file>rts430_eabi.lib</file>
         <name>memcpy.c.obj</name>
      </input_file>
      <input_file id="fl-46">
         <path>C:\ti\ccsv8\tools\compiler\ti-cgt-msp430_18.1.1.LTS\lib\</path>
         <kind>archive</kind>
         <file>rts430_eabi.lib</file>
         <name>vsprintf.c.obj</name>
      </input_file>
      <input_file id="fl-47">
         <path>C:\ti\ccsv8\tools\compiler\ti-cgt-msp430_18.1.1.LTS\lib\</path>
         <kind>archive</kind>
         <file>rts430_eabi.lib</file>
         <name>asr32.asm.obj</name>
      </input_file>
      <input_file id="fl-48">
         <path>C:\ti\ccsv8\tools\compiler\ti-cgt-msp430_18.1.1.LTS\lib\</path>
         <kind>archive</kind>
         <file>rts430_eabi.lib</file>
         <name>mult16.asm.obj</name>
      </input_file>
      <input_file id="fl-49">
         <path>C:\ti\ccsv8\tools\compiler\ti-cgt-msp430_18.1.1.LTS\lib\</path>
         <kind>archive</kind>
         <file>rts430_eabi.lib</file>
         <name>mult32.asm.obj</name>
      </input_file>
      <input_file id="fl-4a">
         <path>C:\ti\ccsv8\tools\compiler\ti-cgt-msp430_18.1.1.LTS\lib\</path>
         <kind>archive</kind>
         <file>rts430_eabi.lib</file>
         <name>exit_gvars.c.obj</name>
      </input_file>
      <input_file id="fl-4b">
         <path>C:\ti\ccsv8\tools\compiler\ti-cgt-msp430_18.1.1.LTS\lib\</path>
         <kind>archive</kind>
         <file>rts430_eabi.lib</file>
         <name>lsr64.c.obj</name>
      </input_file>
      <input_file id="fl-4c">
         <path>C:\ti\ccsv8\tools\compiler\ti-cgt-msp430_18.1.1.LTS\lib\</path>
         <kind>archive</kind>
         <file>rts430_eabi.lib</file>
         <name>_printfi_min.c.obj</name>
      </input_file>
      <input_file id="fl-4d">
         <path>C:\ti\ccsv8\tools\compiler\ti-cgt-msp430_18.1.1.LTS\lib\</path>
         <kind>archive</kind>
         <file>rts430_eabi.lib</file>
         <name>memccpy.c.obj</name>
      </input_file>
      <input_file id="fl-4e">
         <path>C:\ti\ccsv8\tools\compiler\ti-cgt-msp430_18.1.1.LTS\lib\</path>
         <kind>archive</kind>
         <file>rts430_eabi.lib</file>
         <name>memset.c.obj</name>
      </input_file>
      <input_file id="fl-4f">
         <path>C:\ti\ccsv8\tools\compiler\ti-cgt-msp430_18.1.1.LTS\lib\</path>
         <kind>archive</kind>
         <file>rts430_eabi.lib</file>
         <name>strlen.c.obj</name>
      </input_file>
   </input_file_list>
   <object_component_list>
      <object_component id="oc-14a">
         <name>.common:txbuff</name>
         <uninitialized>true</uninitialized>
         <run_address>0x200</run_address>
         <size>0x34</size>
      </object_component>
      <object_component id="oc-14d">
         <name>.common:printbuff</name>
         <uninitialized>true</uninitialized>
         <run_address>0x234</run_address>
         <size>0x28</size>
      </object_component>
      <object_component id="oc-144">
         <name>.data</name>
         <load_address>0x266</load_address>
         <run_address>0x266</run_address>
         <size>0x6</size>
         <input_file_ref idref="fl-2"/>
      </object_component>
      <object_component id="oc-147">
         <name>.data</name>
         <load_address>0x25c</load_address>
         <run_address>0x25c</run_address>
         <size>0xa</size>
         <input_file_ref idref="fl-3"/>
      </object_component>
      <object_component id="oc-ac">
         <name>.stack</name>
         <uninitialized>true</uninitialized>
         <run_address>0x3b0</run_address>
         <size>0x2</size>
         <input_file_ref idref="fl-35"/>
      </object_component>
      <object_component id="oc-371">
         <name>.stack</name>
         <uninitialized>true</uninitialized>
         <run_address>0x3b0</run_address>
         <size>0x0</size>
      </object_component>
      <object_component id="oc-271">
         <name>.text:__TI_frcdivd</name>
         <load_address>0xc000</load_address>
         <run_address>0xc000</run_address>
         <size>0x478</size>
         <input_file_ref idref="fl-40"/>
      </object_component>
      <object_component id="oc-1f4">
         <name>.text:__mspabi_divd</name>
         <load_address>0xc478</load_address>
         <run_address>0xc478</run_address>
         <size>0x238</size>
         <input_file_ref idref="fl-3e"/>
      </object_component>
      <object_component id="oc-214">
         <name>.text</name>
         <load_address>0xc6b0</load_address>
         <run_address>0xc6b0</run_address>
         <size>0x132</size>
         <input_file_ref idref="fl-22"/>
      </object_component>
      <object_component id="oc-197">
         <name>.text:Init_UART</name>
         <load_address>0xc7e2</load_address>
         <run_address>0xc7e2</run_address>
         <size>0x126</size>
         <input_file_ref idref="fl-2"/>
      </object_component>
      <object_component id="oc-2e5">
         <name>.text:_setfield</name>
         <load_address>0xc908</load_address>
         <run_address>0xc908</run_address>
         <size>0x116</size>
         <input_file_ref idref="fl-4c"/>
      </object_component>
      <object_component id="oc-293">
         <name>.text:__TI_printfi_minimal</name>
         <load_address>0xca1e</load_address>
         <run_address>0xca1e</run_address>
         <size>0xf0</size>
         <input_file_ref idref="fl-4c"/>
      </object_component>
      <object_component id="oc-30e">
         <name>.text:_pproc_diouxp</name>
         <load_address>0xcb0e</load_address>
         <run_address>0xcb0e</run_address>
         <size>0xca</size>
         <input_file_ref idref="fl-4c"/>
      </object_component>
      <object_component id="oc-205">
         <name>.text</name>
         <load_address>0xcbd8</load_address>
         <run_address>0xcbd8</run_address>
         <size>0xc4</size>
         <input_file_ref idref="fl-25"/>
      </object_component>
      <object_component id="oc-1fa">
         <name>.text:__mspabi_cvtdf</name>
         <load_address>0xcc9c</load_address>
         <run_address>0xcc9c</run_address>
         <size>0x8c</size>
         <input_file_ref idref="fl-41"/>
      </object_component>
      <object_component id="oc-1ee">
         <name>.text:__mspabi_fltuld</name>
         <load_address>0xcd28</load_address>
         <run_address>0xcd28</run_address>
         <size>0x8a</size>
         <input_file_ref idref="fl-3f"/>
      </object_component>
      <object_component id="oc-15f">
         <name>.text:main</name>
         <load_address>0xcdb2</load_address>
         <run_address>0xcdb2</run_address>
         <size>0x88</size>
         <input_file_ref idref="fl-3"/>
      </object_component>
      <object_component id="oc-dc">
         <name>.text:USCI0TX_ISR</name>
         <load_address>0xce3a</load_address>
         <run_address>0xce3a</run_address>
         <size>0x7c</size>
         <input_file_ref idref="fl-3"/>
      </object_component>
      <object_component id="oc-30">
         <name>.text:decompress:lzss:__TI_decompress_lzss</name>
         <load_address>0xceb6</load_address>
         <run_address>0xceb6</run_address>
         <size>0x7c</size>
         <input_file_ref idref="fl-3d"/>
      </object_component>
      <object_component id="oc-20a">
         <name>.text</name>
         <load_address>0xcf32</load_address>
         <run_address>0xcf32</run_address>
         <size>0x68</size>
         <input_file_ref idref="fl-26"/>
      </object_component>
      <object_component id="oc-26a">
         <name>.text:l_lsr_const</name>
         <load_address>0xcf9a</load_address>
         <run_address>0xcf9a</run_address>
         <size>0x5c</size>
         <input_file_ref idref="fl-34"/>
      </object_component>
      <object_component id="oc-b5">
         <name>.text</name>
         <load_address>0xcff6</load_address>
         <run_address>0xcff6</run_address>
         <size>0x4c</size>
         <input_file_ref idref="fl-33"/>
      </object_component>
      <object_component id="oc-200">
         <name>.text</name>
         <load_address>0xd042</load_address>
         <run_address>0xd042</run_address>
         <size>0x4a</size>
         <input_file_ref idref="fl-23"/>
      </object_component>
      <object_component id="oc-1b6">
         <name>.text:__TI_auto_init_nobinit_nopinit:__TI_auto_init_nobinit_nopinit</name>
         <load_address>0xd08c</load_address>
         <run_address>0xd08c</run_address>
         <size>0x42</size>
         <input_file_ref idref="fl-36"/>
      </object_component>
      <object_component id="oc-2d2">
         <name>.text:l_asr_const</name>
         <load_address>0xd0ce</load_address>
         <run_address>0xd0ce</run_address>
         <size>0x3e</size>
         <input_file_ref idref="fl-47"/>
      </object_component>
      <object_component id="oc-265">
         <name>.text:l_lsl_const</name>
         <load_address>0xd10c</load_address>
         <run_address>0xd10c</run_address>
         <size>0x3e</size>
         <input_file_ref idref="fl-32"/>
      </object_component>
      <object_component id="oc-20f">
         <name>.text</name>
         <load_address>0xd14a</load_address>
         <run_address>0xd14a</run_address>
         <size>0x36</size>
         <input_file_ref idref="fl-24"/>
      </object_component>
      <object_component id="oc-225">
         <name>.text:vsprintf</name>
         <load_address>0xd180</load_address>
         <run_address>0xd180</run_address>
         <size>0x34</size>
         <input_file_ref idref="fl-46"/>
      </object_component>
      <object_component id="oc-22b">
         <name>.text:sendchars</name>
         <load_address>0xd1b4</load_address>
         <run_address>0xd1b4</run_address>
         <size>0x2e</size>
         <input_file_ref idref="fl-2"/>
      </object_component>
      <object_component id="oc-219">
         <name>.text</name>
         <load_address>0xd1e2</load_address>
         <run_address>0xd1e2</run_address>
         <size>0x2c</size>
         <input_file_ref idref="fl-1e"/>
      </object_component>
      <object_component id="oc-19d">
         <name>.text</name>
         <load_address>0xd20e</load_address>
         <run_address>0xd20e</run_address>
         <size>0x2c</size>
         <input_file_ref idref="fl-1f"/>
      </object_component>
      <object_component id="oc-b0">
         <name>.text</name>
         <load_address>0xd23a</load_address>
         <run_address>0xd23a</run_address>
         <size>0x2c</size>
         <input_file_ref idref="fl-31"/>
      </object_component>
      <object_component id="oc-2cd">
         <name>.text</name>
         <load_address>0xd266</load_address>
         <run_address>0xd266</run_address>
         <size>0x26</size>
         <input_file_ref idref="fl-49"/>
      </object_component>
      <object_component id="oc-100">
         <name>.text:_c_int00_noargs</name>
         <load_address>0xd28c</load_address>
         <run_address>0xd28c</run_address>
         <size>0x1c</size>
         <input_file_ref idref="fl-35"/>
      </object_component>
      <object_component id="oc-e8">
         <name>.text:Timer_A</name>
         <load_address>0xd2a8</load_address>
         <run_address>0xd2a8</run_address>
         <size>0x1a</size>
         <input_file_ref idref="fl-3"/>
      </object_component>
      <object_component id="oc-1a3">
         <name>.text:UART_printf</name>
         <load_address>0xd2c2</load_address>
         <run_address>0xd2c2</run_address>
         <size>0x1a</size>
         <input_file_ref idref="fl-2"/>
      </object_component>
      <object_component id="oc-287">
         <name>.text:_outs</name>
         <load_address>0xd2dc</load_address>
         <run_address>0xd2dc</run_address>
         <size>0x1a</size>
         <input_file_ref idref="fl-46"/>
      </object_component>
      <object_component id="oc-314">
         <name>.text:memccpy</name>
         <load_address>0xd2f6</load_address>
         <run_address>0xd2f6</run_address>
         <size>0x1a</size>
         <input_file_ref idref="fl-4d"/>
      </object_component>
      <object_component id="oc-e2">
         <name>.text:USCI0RX_ISR</name>
         <load_address>0xd310</load_address>
         <run_address>0xd310</run_address>
         <size>0x16</size>
         <input_file_ref idref="fl-3"/>
      </object_component>
      <object_component id="oc-21f">
         <name>.text</name>
         <load_address>0xd326</load_address>
         <run_address>0xd326</run_address>
         <size>0x16</size>
         <input_file_ref idref="fl-20"/>
      </object_component>
      <object_component id="oc-ee">
         <name>.text:decompress:ZI:__TI_zero_init_nomemset:__TI_zero_init_nomemset</name>
         <load_address>0xd33c</load_address>
         <run_address>0xd33c</run_address>
         <size>0x14</size>
         <input_file_ref idref="fl-37"/>
      </object_component>
      <object_component id="oc-307">
         <name>.text:memset</name>
         <load_address>0xd350</load_address>
         <run_address>0xd350</run_address>
         <size>0x14</size>
         <input_file_ref idref="fl-4e"/>
      </object_component>
      <object_component id="oc-2bd">
         <name>.text</name>
         <load_address>0xd364</load_address>
         <run_address>0xd364</run_address>
         <size>0x14</size>
         <input_file_ref idref="fl-48"/>
      </object_component>
      <object_component id="oc-28d">
         <name>.text:_outc</name>
         <load_address>0xd378</load_address>
         <run_address>0xd378</run_address>
         <size>0x12</size>
         <input_file_ref idref="fl-46"/>
      </object_component>
      <object_component id="oc-36">
         <name>.text:decompress:none:__TI_decompress_none</name>
         <load_address>0xd38a</load_address>
         <run_address>0xd38a</run_address>
         <size>0x12</size>
         <input_file_ref idref="fl-3c"/>
      </object_component>
      <object_component id="oc-ca">
         <name>.text:memcpy</name>
         <load_address>0xd39c</load_address>
         <run_address>0xd39c</run_address>
         <size>0x12</size>
         <input_file_ref idref="fl-45"/>
      </object_component>
      <object_component id="oc-ba">
         <name>.text</name>
         <load_address>0xd3ae</load_address>
         <run_address>0xd3ae</run_address>
         <size>0x10</size>
         <input_file_ref idref="fl-21"/>
      </object_component>
      <object_component id="oc-2df">
         <name>.text:strlen</name>
         <load_address>0xd3be</load_address>
         <run_address>0xd3be</run_address>
         <size>0xe</size>
         <input_file_ref idref="fl-4f"/>
      </object_component>
      <object_component id="oc-d7">
         <name>.text:_isr:__TI_ISR_TRAP</name>
         <load_address>0xd3cc</load_address>
         <run_address>0xd3cc</run_address>
         <size>0x8</size>
         <input_file_ref idref="fl-30"/>
      </object_component>
      <object_component id="oc-1aa">
         <name>.text:abort</name>
         <load_address>0xd3d4</load_address>
         <run_address>0xd3d4</run_address>
         <size>0x6</size>
         <input_file_ref idref="fl-42"/>
      </object_component>
      <object_component id="oc-159">
         <name>.text:_system_pre_init</name>
         <load_address>0xd3da</load_address>
         <run_address>0xd3da</run_address>
         <size>0x4</size>
         <input_file_ref idref="fl-3a"/>
      </object_component>
      <object_component id="oc-244">
         <name>.text:_system_post_cinit</name>
         <load_address>0xd3de</load_address>
         <run_address>0xd3de</run_address>
         <size>0x2</size>
         <input_file_ref idref="fl-3b"/>
      </object_component>
      <object_component id="oc-370">
         <name>.cinit..data.load</name>
         <load_address>0xd400</load_address>
         <run_address>0xd400</run_address>
         <size>0xa</size>
      </object_component>
      <object_component id="oc-36d">
         <name>__TI_handler_table</name>
         <load_address>0xd40a</load_address>
         <run_address>0xd40a</run_address>
         <size>0x6</size>
      </object_component>
      <object_component id="oc-36f">
         <name>.cinit..bss.load</name>
         <load_address>0xd410</load_address>
         <run_address>0xd410</run_address>
         <size>0x4</size>
      </object_component>
      <object_component id="oc-36e">
         <name>__TI_cinit_table</name>
         <load_address>0xd414</load_address>
         <run_address>0xd414</run_address>
         <size>0x8</size>
      </object_component>
      <object_component id="oc-30d">
         <name>.const:.string</name>
         <load_address>0xd3e0</load_address>
         <run_address>0xd3e0</run_address>
         <size>0x14</size>
         <input_file_ref idref="fl-4c"/>
      </object_component>
      <object_component id="oc-1a2">
         <name>.const:.string</name>
         <load_address>0xd3f4</load_address>
         <run_address>0xd3f4</run_address>
         <size>0xc</size>
         <input_file_ref idref="fl-3"/>
      </object_component>
      <object_component id="oc-3c">
         <name>.int02</name>
         <load_address>0xffe4</load_address>
         <run_address>0xffe4</run_address>
         <size>0x2</size>
         <input_file_ref idref="fl-27"/>
      </object_component>
      <object_component id="oc-3d">
         <name>.int03</name>
         <load_address>0xffe6</load_address>
         <run_address>0xffe6</run_address>
         <size>0x2</size>
         <input_file_ref idref="fl-28"/>
      </object_component>
      <object_component id="oc-3e">
         <name>.int05</name>
         <load_address>0xffea</load_address>
         <run_address>0xffea</run_address>
         <size>0x2</size>
         <input_file_ref idref="fl-29"/>
      </object_component>
      <object_component id="oc-3f">
         <name>.int06</name>
         <load_address>0xffec</load_address>
         <run_address>0xffec</run_address>
         <size>0x2</size>
         <input_file_ref idref="fl-3"/>
      </object_component>
      <object_component id="oc-40">
         <name>.int07</name>
         <load_address>0xffee</load_address>
         <run_address>0xffee</run_address>
         <size>0x2</size>
         <input_file_ref idref="fl-3"/>
      </object_component>
      <object_component id="oc-41">
         <name>.int08</name>
         <load_address>0xfff0</load_address>
         <run_address>0xfff0</run_address>
         <size>0x2</size>
         <input_file_ref idref="fl-2a"/>
      </object_component>
      <object_component id="oc-42">
         <name>.int09</name>
         <load_address>0xfff2</load_address>
         <run_address>0xfff2</run_address>
         <size>0x2</size>
         <input_file_ref idref="fl-3"/>
      </object_component>
      <object_component id="oc-43">
         <name>.int10</name>
         <load_address>0xfff4</load_address>
         <run_address>0xfff4</run_address>
         <size>0x2</size>
         <input_file_ref idref="fl-2b"/>
      </object_component>
      <object_component id="oc-44">
         <name>.int11</name>
         <load_address>0xfff6</load_address>
         <run_address>0xfff6</run_address>
         <size>0x2</size>
         <input_file_ref idref="fl-2c"/>
      </object_component>
      <object_component id="oc-45">
         <name>.int12</name>
         <load_address>0xfff8</load_address>
         <run_address>0xfff8</run_address>
         <size>0x2</size>
         <input_file_ref idref="fl-2d"/>
      </object_component>
      <object_component id="oc-46">
         <name>.int13</name>
         <load_address>0xfffa</load_address>
         <run_address>0xfffa</run_address>
         <size>0x2</size>
         <input_file_ref idref="fl-2e"/>
      </object_component>
      <object_component id="oc-47">
         <name>.int14</name>
         <load_address>0xfffc</load_address>
         <run_address>0xfffc</run_address>
         <size>0x2</size>
         <input_file_ref idref="fl-2f"/>
      </object_component>
      <object_component id="oc-af">
         <name>.reset</name>
         <load_address>0xfffe</load_address>
         <run_address>0xfffe</run_address>
         <size>0x2</size>
         <input_file_ref idref="fl-35"/>
      </object_component>
      <object_component id="oc-14b">
         <name>.debug_info</name>
         <load_address>0x0</load_address>
         <run_address>0x0</run_address>
         <size>0x304</size>
         <input_file_ref idref="fl-2"/>
      </object_component>
      <object_component id="oc-145">
         <name>.debug_info</name>
         <load_address>0x304</load_address>
         <run_address>0x304</run_address>
         <size>0x1ab</size>
         <input_file_ref idref="fl-2"/>
      </object_component>
      <object_component id="oc-22c">
         <name>.debug_info</name>
         <load_address>0x4af</load_address>
         <run_address>0x4af</run_address>
         <size>0x186</size>
         <input_file_ref idref="fl-2"/>
      </object_component>
      <object_component id="oc-1a4">
         <name>.debug_info</name>
         <load_address>0x635</load_address>
         <run_address>0x635</run_address>
         <size>0x1ab</size>
         <input_file_ref idref="fl-2"/>
      </object_component>
      <object_component id="oc-198">
         <name>.debug_info</name>
         <load_address>0x7e0</load_address>
         <run_address>0x7e0</run_address>
         <size>0x380</size>
         <input_file_ref idref="fl-2"/>
      </object_component>
      <object_component id="oc-18a">
         <name>.debug_info</name>
         <load_address>0xb60</load_address>
         <run_address>0xb60</run_address>
         <size>0x26b</size>
         <input_file_ref idref="fl-2"/>
      </object_component>
      <object_component id="oc-c5">
         <name>.debug_info</name>
         <load_address>0xdcb</load_address>
         <run_address>0xdcb</run_address>
         <size>0x84</size>
         <input_file_ref idref="fl-2"/>
      </object_component>
      <object_component id="oc-1e9">
         <name>.debug_info</name>
         <load_address>0xe4f</load_address>
         <run_address>0xe4f</run_address>
         <size>0x275</size>
         <input_file_ref idref="fl-2"/>
      </object_component>
      <object_component id="oc-18f">
         <name>.debug_info</name>
         <load_address>0x10c4</load_address>
         <run_address>0x10c4</run_address>
         <size>0x2c</size>
         <input_file_ref idref="fl-2"/>
      </object_component>
      <object_component id="oc-148">
         <name>.debug_info</name>
         <load_address>0x10f0</load_address>
         <run_address>0x10f0</run_address>
         <size>0x1b4</size>
         <input_file_ref idref="fl-3"/>
      </object_component>
      <object_component id="oc-160">
         <name>.debug_info</name>
         <load_address>0x12a4</load_address>
         <run_address>0x12a4</run_address>
         <size>0x192</size>
         <input_file_ref idref="fl-3"/>
      </object_component>
      <object_component id="oc-dd">
         <name>.debug_info</name>
         <load_address>0x1436</load_address>
         <run_address>0x1436</run_address>
         <size>0x171</size>
         <input_file_ref idref="fl-3"/>
      </object_component>
      <object_component id="oc-e3">
         <name>.debug_info</name>
         <load_address>0x15a7</load_address>
         <run_address>0x15a7</run_address>
         <size>0x171</size>
         <input_file_ref idref="fl-3"/>
      </object_component>
      <object_component id="oc-e9">
         <name>.debug_info</name>
         <load_address>0x1718</load_address>
         <run_address>0x1718</run_address>
         <size>0x169</size>
         <input_file_ref idref="fl-3"/>
      </object_component>
      <object_component id="oc-21c">
         <name>.debug_info</name>
         <load_address>0x1881</load_address>
         <run_address>0x1881</run_address>
         <size>0x118</size>
         <input_file_ref idref="fl-1e"/>
      </object_component>
      <object_component id="oc-19f">
         <name>.debug_info</name>
         <load_address>0x1999</load_address>
         <run_address>0x1999</run_address>
         <size>0x12d</size>
         <input_file_ref idref="fl-1f"/>
      </object_component>
      <object_component id="oc-220">
         <name>.debug_info</name>
         <load_address>0x1ac6</load_address>
         <run_address>0x1ac6</run_address>
         <size>0x119</size>
         <input_file_ref idref="fl-20"/>
      </object_component>
      <object_component id="oc-bc">
         <name>.debug_info</name>
         <load_address>0x1bdf</load_address>
         <run_address>0x1bdf</run_address>
         <size>0x126</size>
         <input_file_ref idref="fl-21"/>
      </object_component>
      <object_component id="oc-216">
         <name>.debug_info</name>
         <load_address>0x1d05</load_address>
         <run_address>0x1d05</run_address>
         <size>0x119</size>
         <input_file_ref idref="fl-22"/>
      </object_component>
      <object_component id="oc-201">
         <name>.debug_info</name>
         <load_address>0x1e1e</load_address>
         <run_address>0x1e1e</run_address>
         <size>0x125</size>
         <input_file_ref idref="fl-23"/>
      </object_component>
      <object_component id="oc-210">
         <name>.debug_info</name>
         <load_address>0x1f43</load_address>
         <run_address>0x1f43</run_address>
         <size>0x122</size>
         <input_file_ref idref="fl-24"/>
      </object_component>
      <object_component id="oc-206">
         <name>.debug_info</name>
         <load_address>0x2065</load_address>
         <run_address>0x2065</run_address>
         <size>0x119</size>
         <input_file_ref idref="fl-25"/>
      </object_component>
      <object_component id="oc-20b">
         <name>.debug_info</name>
         <load_address>0x217e</load_address>
         <run_address>0x217e</run_address>
         <size>0x12d</size>
         <input_file_ref idref="fl-26"/>
      </object_component>
      <object_component id="oc-da">
         <name>.debug_info</name>
         <load_address>0x22ab</load_address>
         <run_address>0x22ab</run_address>
         <size>0x107</size>
         <input_file_ref idref="fl-30"/>
      </object_component>
      <object_component id="oc-b1">
         <name>.debug_info</name>
         <load_address>0x23b2</load_address>
         <run_address>0x23b2</run_address>
         <size>0x118</size>
         <input_file_ref idref="fl-31"/>
      </object_component>
      <object_component id="oc-267">
         <name>.debug_info</name>
         <load_address>0x24ca</load_address>
         <run_address>0x24ca</run_address>
         <size>0x11e</size>
         <input_file_ref idref="fl-32"/>
      </object_component>
      <object_component id="oc-b6">
         <name>.debug_info</name>
         <load_address>0x25e8</load_address>
         <run_address>0x25e8</run_address>
         <size>0x118</size>
         <input_file_ref idref="fl-33"/>
      </object_component>
      <object_component id="oc-26c">
         <name>.debug_info</name>
         <load_address>0x2700</load_address>
         <run_address>0x2700</run_address>
         <size>0x11e</size>
         <input_file_ref idref="fl-34"/>
      </object_component>
      <object_component id="oc-ad">
         <name>.debug_info</name>
         <load_address>0x281e</load_address>
         <run_address>0x281e</run_address>
         <size>0xf5</size>
         <input_file_ref idref="fl-35"/>
      </object_component>
      <object_component id="oc-101">
         <name>.debug_info</name>
         <load_address>0x2913</load_address>
         <run_address>0x2913</run_address>
         <size>0x16f</size>
         <input_file_ref idref="fl-35"/>
      </object_component>
      <object_component id="oc-24b">
         <name>.debug_info</name>
         <load_address>0x2a82</load_address>
         <run_address>0x2a82</run_address>
         <size>0x472</size>
         <input_file_ref idref="fl-36"/>
      </object_component>
      <object_component id="oc-1b8">
         <name>.debug_info</name>
         <load_address>0x2ef4</load_address>
         <run_address>0x2ef4</run_address>
         <size>0x1d5</size>
         <input_file_ref idref="fl-36"/>
      </object_component>
      <object_component id="oc-2b3">
         <name>.debug_info</name>
         <load_address>0x30c9</load_address>
         <run_address>0x30c9</run_address>
         <size>0x39</size>
         <input_file_ref idref="fl-36"/>
      </object_component>
      <object_component id="oc-2c4">
         <name>.debug_info</name>
         <load_address>0x3102</load_address>
         <run_address>0x3102</run_address>
         <size>0x2c</size>
         <input_file_ref idref="fl-36"/>
      </object_component>
      <object_component id="oc-256">
         <name>.debug_info</name>
         <load_address>0x312e</load_address>
         <run_address>0x312e</run_address>
         <size>0x2c</size>
         <input_file_ref idref="fl-36"/>
      </object_component>
      <object_component id="oc-2b8">
         <name>.debug_info</name>
         <load_address>0x315a</load_address>
         <run_address>0x315a</run_address>
         <size>0xcd</size>
         <input_file_ref idref="fl-36"/>
      </object_component>
      <object_component id="oc-157">
         <name>.debug_info</name>
         <load_address>0x3227</load_address>
         <run_address>0x3227</run_address>
         <size>0x1b4</size>
         <input_file_ref idref="fl-37"/>
      </object_component>
      <object_component id="oc-f1">
         <name>.debug_info</name>
         <load_address>0x33db</load_address>
         <run_address>0x33db</run_address>
         <size>0x1c7</size>
         <input_file_ref idref="fl-37"/>
      </object_component>
      <object_component id="oc-152">
         <name>.debug_info</name>
         <load_address>0x35a2</load_address>
         <run_address>0x35a2</run_address>
         <size>0x46</size>
         <input_file_ref idref="fl-37"/>
      </object_component>
      <object_component id="oc-137">
         <name>.debug_info</name>
         <load_address>0x35e8</load_address>
         <run_address>0x35e8</run_address>
         <size>0x2c</size>
         <input_file_ref idref="fl-37"/>
      </object_component>
      <object_component id="oc-15b">
         <name>.debug_info</name>
         <load_address>0x3614</load_address>
         <run_address>0x3614</run_address>
         <size>0x148</size>
         <input_file_ref idref="fl-3a"/>
      </object_component>
      <object_component id="oc-247">
         <name>.debug_info</name>
         <load_address>0x375c</load_address>
         <run_address>0x375c</run_address>
         <size>0x145</size>
         <input_file_ref idref="fl-3b"/>
      </object_component>
      <object_component id="oc-d6">
         <name>.debug_info</name>
         <load_address>0x38a1</load_address>
         <run_address>0x38a1</run_address>
         <size>0x175</size>
         <input_file_ref idref="fl-3c"/>
      </object_component>
      <object_component id="oc-37">
         <name>.debug_info</name>
         <load_address>0x3a16</load_address>
         <run_address>0x3a16</run_address>
         <size>0x1df</size>
         <input_file_ref idref="fl-3c"/>
      </object_component>
      <object_component id="oc-d1">
         <name>.debug_info</name>
         <load_address>0x3bf5</load_address>
         <run_address>0x3bf5</run_address>
         <size>0x46</size>
         <input_file_ref idref="fl-3c"/>
      </object_component>
      <object_component id="oc-13c">
         <name>.debug_info</name>
         <load_address>0x3c3b</load_address>
         <run_address>0x3c3b</run_address>
         <size>0x2c</size>
         <input_file_ref idref="fl-3c"/>
      </object_component>
      <object_component id="oc-134">
         <name>.debug_info</name>
         <load_address>0x3c67</load_address>
         <run_address>0x3c67</run_address>
         <size>0x16b</size>
         <input_file_ref idref="fl-3d"/>
      </object_component>
      <object_component id="oc-32">
         <name>.debug_info</name>
         <load_address>0x3dd2</load_address>
         <run_address>0x3dd2</run_address>
         <size>0x287</size>
         <input_file_ref idref="fl-3d"/>
      </object_component>
      <object_component id="oc-c0">
         <name>.debug_info</name>
         <load_address>0x4059</load_address>
         <run_address>0x4059</run_address>
         <size>0x60</size>
         <input_file_ref idref="fl-3d"/>
      </object_component>
      <object_component id="oc-17b">
         <name>.debug_info</name>
         <load_address>0x40b9</load_address>
         <run_address>0x40b9</run_address>
         <size>0x46</size>
         <input_file_ref idref="fl-3d"/>
      </object_component>
      <object_component id="oc-12f">
         <name>.debug_info</name>
         <load_address>0x40ff</load_address>
         <run_address>0x40ff</run_address>
         <size>0x39</size>
         <input_file_ref idref="fl-3d"/>
      </object_component>
      <object_component id="oc-27d">
         <name>.debug_info</name>
         <load_address>0x4138</load_address>
         <run_address>0x4138</run_address>
         <size>0x197</size>
         <input_file_ref idref="fl-3e"/>
      </object_component>
      <object_component id="oc-1f5">
         <name>.debug_info</name>
         <load_address>0x42cf</load_address>
         <run_address>0x42cf</run_address>
         <size>0x27f</size>
         <input_file_ref idref="fl-3e"/>
      </object_component>
      <object_component id="oc-278">
         <name>.debug_info</name>
         <load_address>0x454e</load_address>
         <run_address>0x454e</run_address>
         <size>0x94</size>
         <input_file_ref idref="fl-3e"/>
      </object_component>
      <object_component id="oc-270">
         <name>.debug_info</name>
         <load_address>0x45e2</load_address>
         <run_address>0x45e2</run_address>
         <size>0x160</size>
         <input_file_ref idref="fl-3f"/>
      </object_component>
      <object_component id="oc-1f0">
         <name>.debug_info</name>
         <load_address>0x4742</load_address>
         <run_address>0x4742</run_address>
         <size>0x1d8</size>
         <input_file_ref idref="fl-3f"/>
      </object_component>
      <object_component id="oc-2d8">
         <name>.debug_info</name>
         <load_address>0x491a</load_address>
         <run_address>0x491a</run_address>
         <size>0x167</size>
         <input_file_ref idref="fl-40"/>
      </object_component>
      <object_component id="oc-272">
         <name>.debug_info</name>
         <load_address>0x4a81</load_address>
         <run_address>0x4a81</run_address>
         <size>0x5c4</size>
         <input_file_ref idref="fl-40"/>
      </object_component>
      <object_component id="oc-27f">
         <name>.debug_info</name>
         <load_address>0x5045</load_address>
         <run_address>0x5045</run_address>
         <size>0x15a</size>
         <input_file_ref idref="fl-41"/>
      </object_component>
      <object_component id="oc-1fb">
         <name>.debug_info</name>
         <load_address>0x519f</load_address>
         <run_address>0x519f</run_address>
         <size>0x1cd</size>
         <input_file_ref idref="fl-41"/>
      </object_component>
      <object_component id="oc-1ac">
         <name>.debug_info</name>
         <load_address>0x536c</load_address>
         <run_address>0x536c</run_address>
         <size>0x117</size>
         <input_file_ref idref="fl-42"/>
      </object_component>
      <object_component id="oc-136">
         <name>.debug_info</name>
         <load_address>0x5483</load_address>
         <run_address>0x5483</run_address>
         <size>0x176</size>
         <input_file_ref idref="fl-45"/>
      </object_component>
      <object_component id="oc-ce">
         <name>.debug_info</name>
         <load_address>0x55f9</load_address>
         <run_address>0x55f9</run_address>
         <size>0x16f</size>
         <input_file_ref idref="fl-45"/>
      </object_component>
      <object_component id="oc-29a">
         <name>.debug_info</name>
         <load_address>0x5768</load_address>
         <run_address>0x5768</run_address>
         <size>0x20b</size>
         <input_file_ref idref="fl-46"/>
      </object_component>
      <object_component id="oc-226">
         <name>.debug_info</name>
         <load_address>0x5973</load_address>
         <run_address>0x5973</run_address>
         <size>0x1ef</size>
         <input_file_ref idref="fl-46"/>
      </object_component>
      <object_component id="oc-288">
         <name>.debug_info</name>
         <load_address>0x5b62</load_address>
         <run_address>0x5b62</run_address>
         <size>0x190</size>
         <input_file_ref idref="fl-46"/>
      </object_component>
      <object_component id="oc-28e">
         <name>.debug_info</name>
         <load_address>0x5cf2</load_address>
         <run_address>0x5cf2</run_address>
         <size>0x165</size>
         <input_file_ref idref="fl-46"/>
      </object_component>
      <object_component id="oc-31d">
         <name>.debug_info</name>
         <load_address>0x5e57</load_address>
         <run_address>0x5e57</run_address>
         <size>0x2c</size>
         <input_file_ref idref="fl-46"/>
      </object_component>
      <object_component id="oc-2d3">
         <name>.debug_info</name>
         <load_address>0x5e83</load_address>
         <run_address>0x5e83</run_address>
         <size>0x11e</size>
         <input_file_ref idref="fl-47"/>
      </object_component>
      <object_component id="oc-2be">
         <name>.debug_info</name>
         <load_address>0x5fa1</load_address>
         <run_address>0x5fa1</run_address>
         <size>0x119</size>
         <input_file_ref idref="fl-48"/>
      </object_component>
      <object_component id="oc-2ce">
         <name>.debug_info</name>
         <load_address>0x60ba</load_address>
         <run_address>0x60ba</run_address>
         <size>0x119</size>
         <input_file_ref idref="fl-49"/>
      </object_component>
      <object_component id="oc-2ec">
         <name>.debug_info</name>
         <load_address>0x61d3</load_address>
         <run_address>0x61d3</run_address>
         <size>0x397</size>
         <input_file_ref idref="fl-4c"/>
      </object_component>
      <object_component id="oc-310">
         <name>.debug_info</name>
         <load_address>0x656a</load_address>
         <run_address>0x656a</run_address>
         <size>0x2bc</size>
         <input_file_ref idref="fl-4c"/>
      </object_component>
      <object_component id="oc-2e7">
         <name>.debug_info</name>
         <load_address>0x6826</load_address>
         <run_address>0x6826</run_address>
         <size>0x284</size>
         <input_file_ref idref="fl-4c"/>
      </object_component>
      <object_component id="oc-295">
         <name>.debug_info</name>
         <load_address>0x6aaa</load_address>
         <run_address>0x6aaa</run_address>
         <size>0x2fc</size>
         <input_file_ref idref="fl-4c"/>
      </object_component>
      <object_component id="oc-2ed">
         <name>.debug_info</name>
         <load_address>0x6da6</load_address>
         <run_address>0x6da6</run_address>
         <size>0x86</size>
         <input_file_ref idref="fl-4c"/>
      </object_component>
      <object_component id="oc-322">
         <name>.debug_info</name>
         <load_address>0x6e2c</load_address>
         <run_address>0x6e2c</run_address>
         <size>0x39</size>
         <input_file_ref idref="fl-4c"/>
      </object_component>
      <object_component id="oc-32d">
         <name>.debug_info</name>
         <load_address>0x6e65</load_address>
         <run_address>0x6e65</run_address>
         <size>0x163</size>
         <input_file_ref idref="fl-4d"/>
      </object_component>
      <object_component id="oc-317">
         <name>.debug_info</name>
         <load_address>0x6fc8</load_address>
         <run_address>0x6fc8</run_address>
         <size>0x1ab</size>
         <input_file_ref idref="fl-4d"/>
      </object_component>
      <object_component id="oc-32a">
         <name>.debug_info</name>
         <load_address>0x7173</load_address>
         <run_address>0x7173</run_address>
         <size>0x162</size>
         <input_file_ref idref="fl-4e"/>
      </object_component>
      <object_component id="oc-308">
         <name>.debug_info</name>
         <load_address>0x72d5</load_address>
         <run_address>0x72d5</run_address>
         <size>0x25a</size>
         <input_file_ref idref="fl-4e"/>
      </object_component>
      <object_component id="oc-306">
         <name>.debug_info</name>
         <load_address>0x752f</load_address>
         <run_address>0x752f</run_address>
         <size>0x157</size>
         <input_file_ref idref="fl-4f"/>
      </object_component>
      <object_component id="oc-2e0">
         <name>.debug_info</name>
         <load_address>0x7686</load_address>
         <run_address>0x7686</run_address>
         <size>0x215</size>
         <input_file_ref idref="fl-4f"/>
      </object_component>
      <object_component id="oc-372">
         <name>.debug_info</name>
         <load_address>0x789b</load_address>
         <run_address>0x789b</run_address>
         <size>0xa3</size>
      </object_component>
      <object_component id="oc-189">
         <name>.debug_line</name>
         <load_address>0x0</load_address>
         <run_address>0x0</run_address>
         <size>0xca</size>
         <input_file_ref idref="fl-2"/>
      </object_component>
      <object_component id="oc-185">
         <name>.debug_line</name>
         <load_address>0xca</load_address>
         <run_address>0xca</run_address>
         <size>0x4e</size>
         <input_file_ref idref="fl-2"/>
      </object_component>
      <object_component id="oc-22f">
         <name>.debug_line</name>
         <load_address>0x118</load_address>
         <run_address>0x118</run_address>
         <size>0x6f</size>
         <input_file_ref idref="fl-2"/>
      </object_component>
      <object_component id="oc-1a7">
         <name>.debug_line</name>
         <load_address>0x187</load_address>
         <run_address>0x187</run_address>
         <size>0x67</size>
         <input_file_ref idref="fl-2"/>
      </object_component>
      <object_component id="oc-19b">
         <name>.debug_line</name>
         <load_address>0x1ee</load_address>
         <run_address>0x1ee</run_address>
         <size>0x85</size>
         <input_file_ref idref="fl-2"/>
      </object_component>
      <object_component id="oc-18d">
         <name>.debug_line</name>
         <load_address>0x273</load_address>
         <run_address>0x273</run_address>
         <size>0x6c</size>
         <input_file_ref idref="fl-2"/>
      </object_component>
      <object_component id="oc-c8">
         <name>.debug_line</name>
         <load_address>0x2df</load_address>
         <run_address>0x2df</run_address>
         <size>0x20</size>
         <input_file_ref idref="fl-2"/>
      </object_component>
      <object_component id="oc-1ec">
         <name>.debug_line</name>
         <load_address>0x2ff</load_address>
         <run_address>0x2ff</run_address>
         <size>0x70</size>
         <input_file_ref idref="fl-2"/>
      </object_component>
      <object_component id="oc-192">
         <name>.debug_line</name>
         <load_address>0x36f</load_address>
         <run_address>0x36f</run_address>
         <size>0x68</size>
         <input_file_ref idref="fl-2"/>
      </object_component>
      <object_component id="oc-187">
         <name>.debug_line</name>
         <load_address>0x3d7</load_address>
         <run_address>0x3d7</run_address>
         <size>0x7b</size>
         <input_file_ref idref="fl-3"/>
      </object_component>
      <object_component id="oc-163">
         <name>.debug_line</name>
         <load_address>0x452</load_address>
         <run_address>0x452</run_address>
         <size>0x86</size>
         <input_file_ref idref="fl-3"/>
      </object_component>
      <object_component id="oc-e0">
         <name>.debug_line</name>
         <load_address>0x4d8</load_address>
         <run_address>0x4d8</run_address>
         <size>0x99</size>
         <input_file_ref idref="fl-3"/>
      </object_component>
      <object_component id="oc-e6">
         <name>.debug_line</name>
         <load_address>0x571</load_address>
         <run_address>0x571</run_address>
         <size>0x71</size>
         <input_file_ref idref="fl-3"/>
      </object_component>
      <object_component id="oc-ec">
         <name>.debug_line</name>
         <load_address>0x5e2</load_address>
         <run_address>0x5e2</run_address>
         <size>0x6d</size>
         <input_file_ref idref="fl-3"/>
      </object_component>
      <object_component id="oc-21a">
         <name>.debug_line</name>
         <load_address>0x64f</load_address>
         <run_address>0x64f</run_address>
         <size>0x4e</size>
         <input_file_ref idref="fl-1e"/>
      </object_component>
      <object_component id="oc-19e">
         <name>.debug_line</name>
         <load_address>0x69d</load_address>
         <run_address>0x69d</run_address>
         <size>0x4d</size>
         <input_file_ref idref="fl-1f"/>
      </object_component>
      <object_component id="oc-223">
         <name>.debug_line</name>
         <load_address>0x6ea</load_address>
         <run_address>0x6ea</run_address>
         <size>0x43</size>
         <input_file_ref idref="fl-20"/>
      </object_component>
      <object_component id="oc-be">
         <name>.debug_line</name>
         <load_address>0x72d</load_address>
         <run_address>0x72d</run_address>
         <size>0x40</size>
         <input_file_ref idref="fl-21"/>
      </object_component>
      <object_component id="oc-215">
         <name>.debug_line</name>
         <load_address>0x76d</load_address>
         <run_address>0x76d</run_address>
         <size>0xbb</size>
         <input_file_ref idref="fl-22"/>
      </object_component>
      <object_component id="oc-204">
         <name>.debug_line</name>
         <load_address>0x828</load_address>
         <run_address>0x828</run_address>
         <size>0x5e</size>
         <input_file_ref idref="fl-23"/>
      </object_component>
      <object_component id="oc-213">
         <name>.debug_line</name>
         <load_address>0x886</load_address>
         <run_address>0x886</run_address>
         <size>0x55</size>
         <input_file_ref idref="fl-24"/>
      </object_component>
      <object_component id="oc-209">
         <name>.debug_line</name>
         <load_address>0x8db</load_address>
         <run_address>0x8db</run_address>
         <size>0x94</size>
         <input_file_ref idref="fl-25"/>
      </object_component>
      <object_component id="oc-20e">
         <name>.debug_line</name>
         <load_address>0x96f</load_address>
         <run_address>0x96f</run_address>
         <size>0x68</size>
         <input_file_ref idref="fl-26"/>
      </object_component>
      <object_component id="oc-d8">
         <name>.debug_line</name>
         <load_address>0x9d7</load_address>
         <run_address>0x9d7</run_address>
         <size>0x3d</size>
         <input_file_ref idref="fl-30"/>
      </object_component>
      <object_component id="oc-b4">
         <name>.debug_line</name>
         <load_address>0xa14</load_address>
         <run_address>0xa14</run_address>
         <size>0x4e</size>
         <input_file_ref idref="fl-31"/>
      </object_component>
      <object_component id="oc-266">
         <name>.debug_line</name>
         <load_address>0xa62</load_address>
         <run_address>0xa62</run_address>
         <size>0x56</size>
         <input_file_ref idref="fl-32"/>
      </object_component>
      <object_component id="oc-b9">
         <name>.debug_line</name>
         <load_address>0xab8</load_address>
         <run_address>0xab8</run_address>
         <size>0x5e</size>
         <input_file_ref idref="fl-33"/>
      </object_component>
      <object_component id="oc-26b">
         <name>.debug_line</name>
         <load_address>0xb16</load_address>
         <run_address>0xb16</run_address>
         <size>0x65</size>
         <input_file_ref idref="fl-34"/>
      </object_component>
      <object_component id="oc-12b">
         <name>.debug_line</name>
         <load_address>0xb7b</load_address>
         <run_address>0xb7b</run_address>
         <size>0x2a</size>
         <input_file_ref idref="fl-35"/>
      </object_component>
      <object_component id="oc-105">
         <name>.debug_line</name>
         <load_address>0xba5</load_address>
         <run_address>0xba5</run_address>
         <size>0x46</size>
         <input_file_ref idref="fl-35"/>
      </object_component>
      <object_component id="oc-2b2">
         <name>.debug_line</name>
         <load_address>0xbeb</load_address>
         <run_address>0xbeb</run_address>
         <size>0xb7</size>
         <input_file_ref idref="fl-36"/>
      </object_component>
      <object_component id="oc-1b7">
         <name>.debug_line</name>
         <load_address>0xca2</load_address>
         <run_address>0xca2</run_address>
         <size>0x76</size>
         <input_file_ref idref="fl-36"/>
      </object_component>
      <object_component id="oc-2b6">
         <name>.debug_line</name>
         <load_address>0xd18</load_address>
         <run_address>0xd18</run_address>
         <size>0x2e</size>
         <input_file_ref idref="fl-36"/>
      </object_component>
      <object_component id="oc-2c7">
         <name>.debug_line</name>
         <load_address>0xd46</load_address>
         <run_address>0xd46</run_address>
         <size>0x92</size>
         <input_file_ref idref="fl-36"/>
      </object_component>
      <object_component id="oc-259">
         <name>.debug_line</name>
         <load_address>0xdd8</load_address>
         <run_address>0xdd8</run_address>
         <size>0x8f</size>
         <input_file_ref idref="fl-36"/>
      </object_component>
      <object_component id="oc-2bb">
         <name>.debug_line</name>
         <load_address>0xe67</load_address>
         <run_address>0xe67</run_address>
         <size>0x8b</size>
         <input_file_ref idref="fl-36"/>
      </object_component>
      <object_component id="oc-195">
         <name>.debug_line</name>
         <load_address>0xef2</load_address>
         <run_address>0xef2</run_address>
         <size>0x34</size>
         <input_file_ref idref="fl-37"/>
      </object_component>
      <object_component id="oc-f0">
         <name>.debug_line</name>
         <load_address>0xf26</load_address>
         <run_address>0xf26</run_address>
         <size>0x4d</size>
         <input_file_ref idref="fl-37"/>
      </object_component>
      <object_component id="oc-155">
         <name>.debug_line</name>
         <load_address>0xf73</load_address>
         <run_address>0xf73</run_address>
         <size>0x34</size>
         <input_file_ref idref="fl-37"/>
      </object_component>
      <object_component id="oc-13a">
         <name>.debug_line</name>
         <load_address>0xfa7</load_address>
         <run_address>0xfa7</run_address>
         <size>0x8a</size>
         <input_file_ref idref="fl-37"/>
      </object_component>
      <object_component id="oc-15e">
         <name>.debug_line</name>
         <load_address>0x1031</load_address>
         <run_address>0x1031</run_address>
         <size>0x3e</size>
         <input_file_ref idref="fl-3a"/>
      </object_component>
      <object_component id="oc-249">
         <name>.debug_line</name>
         <load_address>0x106f</load_address>
         <run_address>0x106f</run_address>
         <size>0x3a</size>
         <input_file_ref idref="fl-3b"/>
      </object_component>
      <object_component id="oc-142">
         <name>.debug_line</name>
         <load_address>0x10a9</load_address>
         <run_address>0x10a9</run_address>
         <size>0x20</size>
         <input_file_ref idref="fl-3c"/>
      </object_component>
      <object_component id="oc-3a">
         <name>.debug_line</name>
         <load_address>0x10c9</load_address>
         <run_address>0x10c9</run_address>
         <size>0x50</size>
         <input_file_ref idref="fl-3c"/>
      </object_component>
      <object_component id="oc-d4">
         <name>.debug_line</name>
         <load_address>0x1119</load_address>
         <run_address>0x1119</run_address>
         <size>0x3a</size>
         <input_file_ref idref="fl-3c"/>
      </object_component>
      <object_component id="oc-13f">
         <name>.debug_line</name>
         <load_address>0x1153</load_address>
         <run_address>0x1153</run_address>
         <size>0x8a</size>
         <input_file_ref idref="fl-3c"/>
      </object_component>
      <object_component id="oc-181">
         <name>.debug_line</name>
         <load_address>0x11dd</load_address>
         <run_address>0x11dd</run_address>
         <size>0x20</size>
         <input_file_ref idref="fl-3d"/>
      </object_component>
      <object_component id="oc-35">
         <name>.debug_line</name>
         <load_address>0x11fd</load_address>
         <run_address>0x11fd</run_address>
         <size>0x92</size>
         <input_file_ref idref="fl-3d"/>
      </object_component>
      <object_component id="oc-c3">
         <name>.debug_line</name>
         <load_address>0x128f</load_address>
         <run_address>0x128f</run_address>
         <size>0x3a</size>
         <input_file_ref idref="fl-3d"/>
      </object_component>
      <object_component id="oc-17e">
         <name>.debug_line</name>
         <load_address>0x12c9</load_address>
         <run_address>0x12c9</run_address>
         <size>0x92</size>
         <input_file_ref idref="fl-3d"/>
      </object_component>
      <object_component id="oc-132">
         <name>.debug_line</name>
         <load_address>0x135b</load_address>
         <run_address>0x135b</run_address>
         <size>0x8e</size>
         <input_file_ref idref="fl-3d"/>
      </object_component>
      <object_component id="oc-2da">
         <name>.debug_line</name>
         <load_address>0x13e9</load_address>
         <run_address>0x13e9</run_address>
         <size>0x2d</size>
         <input_file_ref idref="fl-3e"/>
      </object_component>
      <object_component id="oc-1f8">
         <name>.debug_line</name>
         <load_address>0x1416</load_address>
         <run_address>0x1416</run_address>
         <size>0xec</size>
         <input_file_ref idref="fl-3e"/>
      </object_component>
      <object_component id="oc-27b">
         <name>.debug_line</name>
         <load_address>0x1502</load_address>
         <run_address>0x1502</run_address>
         <size>0x2e</size>
         <input_file_ref idref="fl-3e"/>
      </object_component>
      <object_component id="oc-2cc">
         <name>.debug_line</name>
         <load_address>0x1530</load_address>
         <run_address>0x1530</run_address>
         <size>0x20</size>
         <input_file_ref idref="fl-3f"/>
      </object_component>
      <object_component id="oc-1f2">
         <name>.debug_line</name>
         <load_address>0x1550</load_address>
         <run_address>0x1550</run_address>
         <size>0x71</size>
         <input_file_ref idref="fl-3f"/>
      </object_component>
      <object_component id="oc-304">
         <name>.debug_line</name>
         <load_address>0x15c1</load_address>
         <run_address>0x15c1</run_address>
         <size>0x20</size>
         <input_file_ref idref="fl-40"/>
      </object_component>
      <object_component id="oc-275">
         <name>.debug_line</name>
         <load_address>0x15e1</load_address>
         <run_address>0x15e1</run_address>
         <size>0xdc</size>
         <input_file_ref idref="fl-40"/>
      </object_component>
      <object_component id="oc-2dc">
         <name>.debug_line</name>
         <load_address>0x16bd</load_address>
         <run_address>0x16bd</run_address>
         <size>0x20</size>
         <input_file_ref idref="fl-41"/>
      </object_component>
      <object_component id="oc-1fe">
         <name>.debug_line</name>
         <load_address>0x16dd</load_address>
         <run_address>0x16dd</run_address>
         <size>0x6c</size>
         <input_file_ref idref="fl-41"/>
      </object_component>
      <object_component id="oc-1ab">
         <name>.debug_line</name>
         <load_address>0x1749</load_address>
         <run_address>0x1749</run_address>
         <size>0x3d</size>
         <input_file_ref idref="fl-42"/>
      </object_component>
      <object_component id="oc-183">
         <name>.debug_line</name>
         <load_address>0x1786</load_address>
         <run_address>0x1786</run_address>
         <size>0x20</size>
         <input_file_ref idref="fl-45"/>
      </object_component>
      <object_component id="oc-cd">
         <name>.debug_line</name>
         <load_address>0x17a6</load_address>
         <run_address>0x17a6</run_address>
         <size>0x42</size>
         <input_file_ref idref="fl-45"/>
      </object_component>
      <object_component id="oc-2f3">
         <name>.debug_line</name>
         <load_address>0x17e8</load_address>
         <run_address>0x17e8</run_address>
         <size>0x2e</size>
         <input_file_ref idref="fl-46"/>
      </object_component>
      <object_component id="oc-229">
         <name>.debug_line</name>
         <load_address>0x1816</load_address>
         <run_address>0x1816</run_address>
         <size>0x48</size>
         <input_file_ref idref="fl-46"/>
      </object_component>
      <object_component id="oc-28c">
         <name>.debug_line</name>
         <load_address>0x185e</load_address>
         <run_address>0x185e</run_address>
         <size>0x43</size>
         <input_file_ref idref="fl-46"/>
      </object_component>
      <object_component id="oc-291">
         <name>.debug_line</name>
         <load_address>0x18a1</load_address>
         <run_address>0x18a1</run_address>
         <size>0x3e</size>
         <input_file_ref idref="fl-46"/>
      </object_component>
      <object_component id="oc-320">
         <name>.debug_line</name>
         <load_address>0x18df</load_address>
         <run_address>0x18df</run_address>
         <size>0x89</size>
         <input_file_ref idref="fl-46"/>
      </object_component>
      <object_component id="oc-2d6">
         <name>.debug_line</name>
         <load_address>0x1968</load_address>
         <run_address>0x1968</run_address>
         <size>0x56</size>
         <input_file_ref idref="fl-47"/>
      </object_component>
      <object_component id="oc-2c1">
         <name>.debug_line</name>
         <load_address>0x19be</load_address>
         <run_address>0x19be</run_address>
         <size>0x42</size>
         <input_file_ref idref="fl-48"/>
      </object_component>
      <object_component id="oc-2d1">
         <name>.debug_line</name>
         <load_address>0x1a00</load_address>
         <run_address>0x1a00</run_address>
         <size>0x4b</size>
         <input_file_ref idref="fl-49"/>
      </object_component>
      <object_component id="oc-31c">
         <name>.debug_line</name>
         <load_address>0x1a4b</load_address>
         <run_address>0x1a4b</run_address>
         <size>0x98</size>
         <input_file_ref idref="fl-4c"/>
      </object_component>
      <object_component id="oc-30f">
         <name>.debug_line</name>
         <load_address>0x1ae3</load_address>
         <run_address>0x1ae3</run_address>
         <size>0x11c</size>
         <input_file_ref idref="fl-4c"/>
      </object_component>
      <object_component id="oc-2e6">
         <name>.debug_line</name>
         <load_address>0x1bff</load_address>
         <run_address>0x1bff</run_address>
         <size>0x97</size>
         <input_file_ref idref="fl-4c"/>
      </object_component>
      <object_component id="oc-294">
         <name>.debug_line</name>
         <load_address>0x1c96</load_address>
         <run_address>0x1c96</run_address>
         <size>0xa1</size>
         <input_file_ref idref="fl-4c"/>
      </object_component>
      <object_component id="oc-2f0">
         <name>.debug_line</name>
         <load_address>0x1d37</load_address>
         <run_address>0x1d37</run_address>
         <size>0x8a</size>
         <input_file_ref idref="fl-4c"/>
      </object_component>
      <object_component id="oc-325">
         <name>.debug_line</name>
         <load_address>0x1dc1</load_address>
         <run_address>0x1dc1</run_address>
         <size>0x2e</size>
         <input_file_ref idref="fl-4c"/>
      </object_component>
      <object_component id="oc-331">
         <name>.debug_line</name>
         <load_address>0x1def</load_address>
         <run_address>0x1def</run_address>
         <size>0x20</size>
         <input_file_ref idref="fl-4d"/>
      </object_component>
      <object_component id="oc-316">
         <name>.debug_line</name>
         <load_address>0x1e0f</load_address>
         <run_address>0x1e0f</run_address>
         <size>0x48</size>
         <input_file_ref idref="fl-4d"/>
      </object_component>
      <object_component id="oc-32f">
         <name>.debug_line</name>
         <load_address>0x1e57</load_address>
         <run_address>0x1e57</run_address>
         <size>0x20</size>
         <input_file_ref idref="fl-4e"/>
      </object_component>
      <object_component id="oc-30c">
         <name>.debug_line</name>
         <load_address>0x1e77</load_address>
         <run_address>0x1e77</run_address>
         <size>0xa6</size>
         <input_file_ref idref="fl-4e"/>
      </object_component>
      <object_component id="oc-328">
         <name>.debug_line</name>
         <load_address>0x1f1d</load_address>
         <run_address>0x1f1d</run_address>
         <size>0x20</size>
         <input_file_ref idref="fl-4f"/>
      </object_component>
      <object_component id="oc-2e3">
         <name>.debug_line</name>
         <load_address>0x1f3d</load_address>
         <run_address>0x1f3d</run_address>
         <size>0xa4</size>
         <input_file_ref idref="fl-4f"/>
      </object_component>
      <object_component id="oc-230">
         <name>.debug_frame</name>
         <load_address>0x0</load_address>
         <run_address>0x0</run_address>
         <size>0x3c</size>
         <input_file_ref idref="fl-2"/>
      </object_component>
      <object_component id="oc-1a8">
         <name>.debug_frame</name>
         <load_address>0x3c</load_address>
         <run_address>0x3c</run_address>
         <size>0x3c</size>
         <input_file_ref idref="fl-2"/>
      </object_component>
      <object_component id="oc-19c">
         <name>.debug_frame</name>
         <load_address>0x78</load_address>
         <run_address>0x78</run_address>
         <size>0x50</size>
         <input_file_ref idref="fl-2"/>
      </object_component>
      <object_component id="oc-164">
         <name>.debug_frame</name>
         <load_address>0xc8</load_address>
         <run_address>0xc8</run_address>
         <size>0x40</size>
         <input_file_ref idref="fl-3"/>
      </object_component>
      <object_component id="oc-e1">
         <name>.debug_frame</name>
         <load_address>0x108</load_address>
         <run_address>0x108</run_address>
         <size>0x44</size>
         <input_file_ref idref="fl-3"/>
      </object_component>
      <object_component id="oc-e7">
         <name>.debug_frame</name>
         <load_address>0x14c</load_address>
         <run_address>0x14c</run_address>
         <size>0x3c</size>
         <input_file_ref idref="fl-3"/>
      </object_component>
      <object_component id="oc-ed">
         <name>.debug_frame</name>
         <load_address>0x188</load_address>
         <run_address>0x188</run_address>
         <size>0x3c</size>
         <input_file_ref idref="fl-3"/>
      </object_component>
      <object_component id="oc-104">
         <name>.debug_frame</name>
         <load_address>0x1c4</load_address>
         <run_address>0x1c4</run_address>
         <size>0x34</size>
         <input_file_ref idref="fl-35"/>
      </object_component>
      <object_component id="oc-1bb">
         <name>.debug_frame</name>
         <load_address>0x1f8</load_address>
         <run_address>0x1f8</run_address>
         <size>0x44</size>
         <input_file_ref idref="fl-36"/>
      </object_component>
      <object_component id="oc-ef">
         <name>.debug_frame</name>
         <load_address>0x23c</load_address>
         <run_address>0x23c</run_address>
         <size>0x3c</size>
         <input_file_ref idref="fl-37"/>
      </object_component>
      <object_component id="oc-15d">
         <name>.debug_frame</name>
         <load_address>0x278</load_address>
         <run_address>0x278</run_address>
         <size>0x3c</size>
         <input_file_ref idref="fl-3a"/>
      </object_component>
      <object_component id="oc-245">
         <name>.debug_frame</name>
         <load_address>0x2b4</load_address>
         <run_address>0x2b4</run_address>
         <size>0x3c</size>
         <input_file_ref idref="fl-3b"/>
      </object_component>
      <object_component id="oc-3b">
         <name>.debug_frame</name>
         <load_address>0x2f0</load_address>
         <run_address>0x2f0</run_address>
         <size>0x3c</size>
         <input_file_ref idref="fl-3c"/>
      </object_component>
      <object_component id="oc-34">
         <name>.debug_frame</name>
         <load_address>0x32c</load_address>
         <run_address>0x32c</run_address>
         <size>0x48</size>
         <input_file_ref idref="fl-3d"/>
      </object_component>
      <object_component id="oc-1f9">
         <name>.debug_frame</name>
         <load_address>0x374</load_address>
         <run_address>0x374</run_address>
         <size>0x68</size>
         <input_file_ref idref="fl-3e"/>
      </object_component>
      <object_component id="oc-1f3">
         <name>.debug_frame</name>
         <load_address>0x3dc</load_address>
         <run_address>0x3dc</run_address>
         <size>0x44</size>
         <input_file_ref idref="fl-3f"/>
      </object_component>
      <object_component id="oc-276">
         <name>.debug_frame</name>
         <load_address>0x420</load_address>
         <run_address>0x420</run_address>
         <size>0x78</size>
         <input_file_ref idref="fl-40"/>
      </object_component>
      <object_component id="oc-1ff">
         <name>.debug_frame</name>
         <load_address>0x498</load_address>
         <run_address>0x498</run_address>
         <size>0x44</size>
         <input_file_ref idref="fl-41"/>
      </object_component>
      <object_component id="oc-1af">
         <name>.debug_frame</name>
         <load_address>0x4dc</load_address>
         <run_address>0x4dc</run_address>
         <size>0x3c</size>
         <input_file_ref idref="fl-42"/>
      </object_component>
      <object_component id="oc-cc">
         <name>.debug_frame</name>
         <load_address>0x518</load_address>
         <run_address>0x518</run_address>
         <size>0x3c</size>
         <input_file_ref idref="fl-45"/>
      </object_component>
      <object_component id="oc-22a">
         <name>.debug_frame</name>
         <load_address>0x554</load_address>
         <run_address>0x554</run_address>
         <size>0x40</size>
         <input_file_ref idref="fl-46"/>
      </object_component>
      <object_component id="oc-28b">
         <name>.debug_frame</name>
         <load_address>0x594</load_address>
         <run_address>0x594</run_address>
         <size>0x44</size>
         <input_file_ref idref="fl-46"/>
      </object_component>
      <object_component id="oc-292">
         <name>.debug_frame</name>
         <load_address>0x5d8</load_address>
         <run_address>0x5d8</run_address>
         <size>0x3c</size>
         <input_file_ref idref="fl-46"/>
      </object_component>
      <object_component id="oc-313">
         <name>.debug_frame</name>
         <load_address>0x614</load_address>
         <run_address>0x614</run_address>
         <size>0x4c</size>
         <input_file_ref idref="fl-4c"/>
      </object_component>
      <object_component id="oc-2ea">
         <name>.debug_frame</name>
         <load_address>0x660</load_address>
         <run_address>0x660</run_address>
         <size>0x5c</size>
         <input_file_ref idref="fl-4c"/>
      </object_component>
      <object_component id="oc-298">
         <name>.debug_frame</name>
         <load_address>0x6bc</load_address>
         <run_address>0x6bc</run_address>
         <size>0x64</size>
         <input_file_ref idref="fl-4c"/>
      </object_component>
      <object_component id="oc-319">
         <name>.debug_frame</name>
         <load_address>0x720</load_address>
         <run_address>0x720</run_address>
         <size>0x3c</size>
         <input_file_ref idref="fl-4d"/>
      </object_component>
      <object_component id="oc-30b">
         <name>.debug_frame</name>
         <load_address>0x75c</load_address>
         <run_address>0x75c</run_address>
         <size>0x3c</size>
         <input_file_ref idref="fl-4e"/>
      </object_component>
      <object_component id="oc-2e4">
         <name>.debug_frame</name>
         <load_address>0x798</load_address>
         <run_address>0x798</run_address>
         <size>0x3c</size>
         <input_file_ref idref="fl-4f"/>
      </object_component>
      <object_component id="oc-188">
         <name>.debug_abbrev</name>
[...]
      <symbol id="sm-155">
         <name>__mspabi_func_epilog_2</name>
         <value>0xd3b8</value>
         <object_component_ref idref="oc-ba"/>
      </symbol>
      <symbol id="sm-156">
         <name>__mspabi_func_epilog_3</name>
         <value>0xd3b6</value>
         <object_component_ref idref="oc-ba"/>
      </symbol>
      <symbol id="sm-157">
         <name>__mspabi_func_epilog_1</name>
         <value>0xd3ba</value>
         <object_component_ref idref="oc-ba"/>
      </symbol>
      <symbol id="sm-158">
         <name>__mspabi_func_epilog_6</name>
         <value>0xd3b0</value>
         <object_component_ref idref="oc-ba"/>
      </symbol>
      <symbol id="sm-159">
         <name>__mspabi_func_epilog_7</name>
         <value>0xd3ae</value>
         <object_component_ref idref="oc-ba"/>
      </symbol>
      <symbol id="sm-15a">
         <name>__mspabi_func_epilog_4</name>
         <value>0xd3b4</value>
         <object_component_ref idref="oc-ba"/>
      </symbol>
      <symbol id="sm-15b">
         <name>__mspabi_func_epilog_5</name>
         <value>0xd3b2</value>
         <object_component_ref idref="oc-ba"/>
      </symbol>
      <symbol id="sm-176">
         <name>__mspabi_subf</name>
         <value>0xc6b0</value>
         <object_component_ref idref="oc-214"/>
      </symbol>
      <symbol id="sm-177">
         <name>__mspabi_addf</name>
         <value>0xc6b6</value>
         <object_component_ref idref="oc-214"/>
      </symbol>
      <symbol id="sm-187">
         <name>__mspabi_cmpf</name>
         <value>0xd042</value>
         <object_component_ref idref="oc-200"/>
      </symbol>
      <symbol id="sm-194">
         <name>__mspabi_fltif</name>
         <value>0xd14a</value>
         <object_component_ref idref="oc-20f"/>
      </symbol>
      <symbol id="sm-1ab">
         <name>__mspabi_mpyf</name>
         <value>0xcbd8</value>
         <object_component_ref idref="oc-205"/>
      </symbol>
      <symbol id="sm-1bd">
         <name>__mspabi_fixfi</name>
         <value>0xcf32</value>
         <object_component_ref idref="oc-20a"/>
      </symbol>
      <symbol id="sm-1c0">
         <name>__TI_int02</name>
         <value>0xffe4</value>
         <object_component_ref idref="oc-3c"/>
      </symbol>
      <symbol id="sm-1c3">
         <name>__TI_int03</name>
         <value>0xffe6</value>
         <object_component_ref idref="oc-3d"/>
      </symbol>
      <symbol id="sm-1c6">
         <name>__TI_int05</name>
         <value>0xffea</value>
         <object_component_ref idref="oc-3e"/>
      </symbol>
      <symbol id="sm-1c9">
         <name>__TI_int08</name>
         <value>0xfff0</value>
         <object_component_ref idref="oc-41"/>
      </symbol>
      <symbol id="sm-1cc">
         <name>__TI_int10</name>
         <value>0xfff4</value>
         <object_component_ref idref="oc-43"/>
      </symbol>
      <symbol id="sm-1cf">
         <name>__TI_int11</name>
         <value>0xfff6</value>
         <object_component_ref idref="oc-44"/>
      </symbol>
      <symbol id="sm-1d2">
         <name>__TI_int12</name>
         <value>0xfff8</value>
         <object_component_ref idref="oc-45"/>
      </symbol>
      <symbol id="sm-1d5">
         <name>__TI_int13</name>
         <value>0xfffa</value>
         <object_component_ref idref="oc-46"/>
      </symbol>
      <symbol id="sm-1d8">
         <name>__TI_int14</name>
         <value>0xfffc</value>
         <object_component_ref idref="oc-47"/>
      </symbol>
      <symbol id="sm-1e0">
         <name>__TI_ISR_TRAP</name>
         <value>0xd3cc</value>
         <object_component_ref idref="oc-d7"/>
      </symbol>
      <symbol id="sm-1e8">
         <name>__mspabi_slli</name>
         <value>0xd23a</value>
         <object_component_ref idref="oc-b0"/>
      </symbol>
      <symbol id="sm-1e9">
         <name>__mspabi_slli_9</name>
         <value>0xd252</value>
         <object_component_ref idref="oc-b0"/>
      </symbol>
      <symbol id="sm-1ea">
         <name>__mspabi_slli_8</name>
         <value>0xd254</value>
         <object_component_ref idref="oc-b0"/>
      </symbol>
      <symbol id="sm-1eb">
         <name>__mspabi_slli_7</name>
         <value>0xd256</value>
         <object_component_ref idref="oc-b0"/>
      </symbol>
      <symbol id="sm-1ec">
         <name>__mspabi_slli_6</name>
         <value>0xd258</value>
         <object_component_ref idref="oc-b0"/>
      </symbol>
      <symbol id="sm-1ed">
         <name>__mspabi_slli_5</name>
         <value>0xd25a</value>
         <object_component_ref idref="oc-b0"/>
      </symbol>
      <symbol id="sm-1ee">
         <name>__mspabi_slli_4</name>
         <value>0xd25c</value>
         <object_component_ref idref="oc-b0"/>
      </symbol>
      <symbol id="sm-1ef">
         <name>__mspabi_slli_3</name>
         <value>0xd25e</value>
         <object_component_ref idref="oc-b0"/>
      </symbol>
      <symbol id="sm-1f0">
         <name>__mspabi_slli_2</name>
         <value>0xd260</value>
         <object_component_ref idref="oc-b0"/>
      </symbol>
      <symbol id="sm-1f1">
         <name>__mspabi_slli_1</name>
         <value>0xd262</value>
         <object_component_ref idref="oc-b0"/>
      </symbol>
      <symbol id="sm-1f2">
         <name>__mspabi_slli_15</name>
         <value>0xd246</value>
         <object_component_ref idref="oc-b0"/>
      </symbol>
      <symbol id="sm-1f3">
         <name>__mspabi_slli_14</name>
         <value>0xd248</value>
         <object_component_ref idref="oc-b0"/>
      </symbol>
      <symbol id="sm-1f4">
         <name>__mspabi_slli_13</name>
         <value>0xd24a</value>
         <object_component_ref idref="oc-b0"/>
      </symbol>
      <symbol id="sm-1f5">
         <name>__mspabi_slli_12</name>
         <value>0xd24c</value>
         <object_component_ref idref="oc-b0"/>
      </symbol>
      <symbol id="sm-1f6">
         <name>__mspabi_slli_11</name>
         <value>0xd24e</value>
         <object_component_ref idref="oc-b0"/>
      </symbol>
      <symbol id="sm-1f7">
         <name>__mspabi_slli_10</name>
         <value>0xd250</value>
         <object_component_ref idref="oc-b0"/>
      </symbol>
      <symbol id="sm-1ff">
         <name>__mspabi_slll_9</name>
         <value>0xd124</value>
         <object_component_ref idref="oc-265"/>
      </symbol>
      <symbol id="sm-200">
         <name>__mspabi_slll_8</name>
         <value>0xd128</value>
         <object_component_ref idref="oc-265"/>
      </symbol>
      <symbol id="sm-201">
         <name>__mspabi_slll_7</name>
         <value>0xd12c</value>
         <object_component_ref idref="oc-265"/>
      </symbol>
      <symbol id="sm-202">
         <name>__mspabi_slll_6</name>
         <value>0xd130</value>
         <object_component_ref idref="oc-265"/>
      </symbol>
      <symbol id="sm-203">
         <name>__mspabi_slll_5</name>
         <value>0xd134</value>
         <object_component_ref idref="oc-265"/>
      </symbol>
      <symbol id="sm-204">
         <name>__mspabi_slll_4</name>
         <value>0xd138</value>
         <object_component_ref idref="oc-265"/>
      </symbol>
      <symbol id="sm-205">
         <name>__mspabi_slll_3</name>
         <value>0xd13c</value>
         <object_component_ref idref="oc-265"/>
      </symbol>
      <symbol id="sm-206">
         <name>__mspabi_slll_2</name>
         <value>0xd140</value>
         <object_component_ref idref="oc-265"/>
      </symbol>
      <symbol id="sm-207">
         <name>__mspabi_slll_1</name>
         <value>0xd144</value>
         <object_component_ref idref="oc-265"/>
      </symbol>
      <symbol id="sm-208">
         <name>__mspabi_slll_15</name>
         <value>0xd10c</value>
         <object_component_ref idref="oc-265"/>
      </symbol>
      <symbol id="sm-209">
         <name>__mspabi_slll_14</name>
         <value>0xd110</value>
         <object_component_ref idref="oc-265"/>
      </symbol>
      <symbol id="sm-20a">
         <name>__mspabi_slll_13</name>
         <value>0xd114</value>
         <object_component_ref idref="oc-265"/>
      </symbol>
      <symbol id="sm-20b">
         <name>__mspabi_slll_12</name>
         <value>0xd118</value>
         <object_component_ref idref="oc-265"/>
      </symbol>
      <symbol id="sm-20c">
         <name>__mspabi_slll_11</name>
         <value>0xd11c</value>
         <object_component_ref idref="oc-265"/>
      </symbol>
      <symbol id="sm-20d">
         <name>__mspabi_slll_10</name>
         <value>0xd120</value>
         <object_component_ref idref="oc-265"/>
      </symbol>
      <symbol id="sm-215">
         <name>__mspabi_srli_8</name>
         <value>0xd020</value>
         <object_component_ref idref="oc-b5"/>
      </symbol>
      <symbol id="sm-216">
         <name>__mspabi_srli_9</name>
         <value>0xd01c</value>
         <object_component_ref idref="oc-b5"/>
      </symbol>
      <symbol id="sm-217">
         <name>__mspabi_srli_6</name>
         <value>0xd028</value>
         <object_component_ref idref="oc-b5"/>
      </symbol>
      <symbol id="sm-218">
         <name>__mspabi_srli_7</name>
         <value>0xd024</value>
         <object_component_ref idref="oc-b5"/>
      </symbol>
      <symbol id="sm-219">
         <name>__mspabi_srli_4</name>
         <value>0xd030</value>
         <object_component_ref idref="oc-b5"/>
      </symbol>
      <symbol id="sm-21a">
         <name>__mspabi_srli_5</name>
         <value>0xd02c</value>
         <object_component_ref idref="oc-b5"/>
      </symbol>
      <symbol id="sm-21b">
         <name>__mspabi_srli_2</name>
         <value>0xd038</value>
         <object_component_ref idref="oc-b5"/>
      </symbol>
      <symbol id="sm-21c">
         <name>__mspabi_srli_3</name>
         <value>0xd034</value>
         <object_component_ref idref="oc-b5"/>
      </symbol>
      <symbol id="sm-21d">
         <name>__mspabi_srli_1</name>
         <value>0xd03c</value>
         <object_component_ref idref="oc-b5"/>
      </symbol>
      <symbol id="sm-21e">
         <name>__mspabi_srli</name>
         <value>0xcff6</value>
         <object_component_ref idref="oc-b5"/>
      </symbol>
      <symbol id="sm-21f">
         <name>__mspabi_srli_15</name>
         <value>0xd004</value>
         <object_component_ref idref="oc-b5"/>
      </symbol>
      <symbol id="sm-220">
         <name>__mspabi_srli_14</name>
         <value>0xd008</value>
         <object_component_ref idref="oc-b5"/>
      </symbol>
      <symbol id="sm-221">
         <name>__mspabi_srli_13</name>
         <value>0xd00c</value>
         <object_component_ref idref="oc-b5"/>
      </symbol>
      <symbol id="sm-222">
         <name>__mspabi_srli_12</name>
         <value>0xd010</value>
         <object_component_ref idref="oc-b5"/>
      </symbol>
      <symbol id="sm-223">
         <name>__mspabi_srli_11</name>
         <value>0xd014</value>
         <object_component_ref idref="oc-b5"/>
      </symbol>
      <symbol id="sm-224">
         <name>__mspabi_srli_10</name>
         <value>0xd018</value>
         <object_component_ref idref="oc-b5"/>
      </symbol>
      <symbol id="sm-22c">
         <name>__mspabi_srll_8</name>
         <value>0xcfc4</value>
         <object_component_ref idref="oc-26a"/>
      </symbol>
      <symbol id="sm-22d">
         <name>__mspabi_srll_9</name>
         <value>0xcfbe</value>
         <object_component_ref idref="oc-26a"/>
      </symbol>
      <symbol id="sm-22e">
         <name>__mspabi_srll_6</name>
         <value>0xcfd0</value>
         <object_component_ref idref="oc-26a"/>
      </symbol>
      <symbol id="sm-22f">
         <name>__mspabi_srll_7</name>
         <value>0xcfca</value>
         <object_component_ref idref="oc-26a"/>
      </symbol>
      <symbol id="sm-230">
         <name>__mspabi_srll_4</name>
         <value>0xcfdc</value>
         <object_component_ref idref="oc-26a"/>
      </symbol>
      <symbol id="sm-231">
         <name>__mspabi_srll_5</name>
         <value>0xcfd6</value>
         <object_component_ref idref="oc-26a"/>
      </symbol>
      <symbol id="sm-232">
         <name>__mspabi_srll_2</name>
         <value>0xcfe8</value>
         <object_component_ref idref="oc-26a"/>
      </symbol>
      <symbol id="sm-233">
         <name>__mspabi_srll_3</name>
         <value>0xcfe2</value>
         <object_component_ref idref="oc-26a"/>
      </symbol>
      <symbol id="sm-234">
         <name>__mspabi_srll_1</name>
         <value>0xcfee</value>
         <object_component_ref idref="oc-26a"/>
      </symbol>
      <symbol id="sm-235">
         <name>__mspabi_srll_15</name>
         <value>0xcf9a</value>
         <object_component_ref idref="oc-26a"/>
      </symbol>
      <symbol id="sm-236">
         <name>__mspabi_srll_14</name>
         <value>0xcfa0</value>
         <object_component_ref idref="oc-26a"/>
      </symbol>
      <symbol id="sm-237">
         <name>__mspabi_srll_13</name>
         <value>0xcfa6</value>
         <object_component_ref idref="oc-26a"/>
      </symbol>
      <symbol id="sm-238">
         <name>__mspabi_srll_12</name>
         <value>0xcfac</value>
         <object_component_ref idref="oc-26a"/>
      </symbol>
      <symbol id="sm-239">
         <name>__mspabi_srll_11</name>
         <value>0xcfb2</value>
         <object_component_ref idref="oc-26a"/>
      </symbol>
      <symbol id="sm-23a">
         <name>__mspabi_srll_10</name>
         <value>0xcfb8</value>
         <object_component_ref idref="oc-26a"/>
      </symbol>
      <symbol id="sm-24a">
         <name>_stack</name>
         <value>0x3b0</value>
         <object_component_ref idref="oc-ac"/>
      </symbol>
      <symbol id="sm-24b">
         <name>_c_int00_noargs</name>
         <value>0xd28c</value>
         <object_component_ref idref="oc-100"/>
      </symbol>
      <symbol id="sm-24c">
         <name>_reset_vector</name>
         <value>0xfffe</value>
         <object_component_ref idref="oc-af"/>
      </symbol>
      <symbol id="sm-26e">
         <name>__TI_auto_init_nobinit_nopinit</name>
         <value>0xd08c</value>
         <object_component_ref idref="oc-1b6"/>
      </symbol>
      <symbol id="sm-286">
         <name>__TI_zero_init_nomemset</name>
         <value>0xd33c</value>
         <object_component_ref idref="oc-ee"/>
      </symbol>
      <symbol id="sm-291">
         <name>_system_pre_init</name>
         <value>0xd3da</value>
         <object_component_ref idref="oc-159"/>
      </symbol>
      <symbol id="sm-29a">
         <name>_system_post_cinit</name>
         <value>0xd3de</value>
         <object_component_ref idref="oc-244"/>
      </symbol>
      <symbol id="sm-2b0">
         <name>__TI_decompress_none</name>
         <value>0xd38a</value>
         <object_component_ref idref="oc-36"/>
      </symbol>
      <symbol id="sm-2d3">
         <name>__TI_decompress_lzss</name>
         <value>0xceb6</value>
         <object_component_ref idref="oc-30"/>
      </symbol>
      <symbol id="sm-2f9">
         <name>__mspabi_divd</name>
         <value>0xc478</value>
         <object_component_ref idref="oc-1f4"/>
      </symbol>
      <symbol id="sm-30e">
         <name>__mspabi_fltuld</name>
         <value>0xcd28</value>
         <object_component_ref idref="oc-1ee"/>
      </symbol>
      <symbol id="sm-329">
         <name>__TI_frcdivd</name>
         <value>0xc000</value>
         <object_component_ref idref="oc-271"/>
      </symbol>
      <symbol id="sm-33c">
         <name>__mspabi_cvtdf</name>
         <value>0xcc9c</value>
         <object_component_ref idref="oc-1fa"/>
      </symbol>
      <symbol id="sm-346">
         <name>C$$EXIT</name>
         <value>0xd3d4</value>
         <object_component_ref idref="oc-1aa"/>
      </symbol>
      <symbol id="sm-347">
         <name>abort</name>
         <value>0xd3d4</value>
         <object_component_ref idref="oc-1aa"/>
      </symbol>
      <symbol id="sm-357">
         <name>memcpy</name>
         <value>0xd39c</value>
         <object_component_ref idref="oc-ca"/>
      </symbol>
      <symbol id="sm-378">
         <name>vsprintf</name>
         <value>0xd180</value>
         <object_component_ref idref="oc-225"/>
      </symbol>
      <symbol id="sm-380">
         <name>__mspabi_sral_15</name>
         <value>0xd0ce</value>
         <object_component_ref idref="oc-2d2"/>
      </symbol>
      <symbol id="sm-381">
         <name>__mspabi_sral_14</name>
         <value>0xd0d2</value>
         <object_component_ref idref="oc-2d2"/>
      </symbol>
      <symbol id="sm-382">
         <name>__mspabi_sral_13</name>
         <value>0xd0d6</value>
         <object_component_ref idref="oc-2d2"/>
      </symbol>
      <symbol id="sm-383">
         <name>__mspabi_sral_12</name>
         <value>0xd0da</value>
         <object_component_ref idref="oc-2d2"/>
      </symbol>
      <symbol id="sm-384">
         <name>__mspabi_sral_11</name>
         <value>0xd0de</value>
         <object_component_ref idref="oc-2d2"/>
      </symbol>
      <symbol id="sm-385">
         <name>__mspabi_sral_10</name>
         <value>0xd0e2</value>
         <object_component_ref idref="oc-2d2"/>
      </symbol>
      <symbol id="sm-386">
         <name>__mspabi_sral_8</name>
         <value>0xd0ea</value>
         <object_component_ref idref="oc-2d2"/>
      </symbol>
      <symbol id="sm-387">
         <name>__mspabi_sral_9</name>
         <value>0xd0e6</value>
         <object_component_ref idref="oc-2d2"/>
      </symbol>
      <symbol id="sm-388">
         <name>__mspabi_sral_6</name>
         <value>0xd0f2</value>
         <object_component_ref idref="oc-2d2"/>
      </symbol>
      <symbol id="sm-389">
         <name>__mspabi_sral_7</name>
         <value>0xd0ee</value>
         <object_component_ref idref="oc-2d2"/>
      </symbol>
      <symbol id="sm-38a">
         <name>__mspabi_sral_4</name>
         <value>0xd0fa</value>
         <object_component_ref idref="oc-2d2"/>
      </symbol>
      <symbol id="sm-38b">
         <name>__mspabi_sral_5</name>
         <value>0xd0f6</value>
         <object_component_ref idref="oc-2d2"/>
      </symbol>
      <symbol id="sm-38c">
         <name>__mspabi_sral_2</name>
         <value>0xd102</value>
         <object_component_ref idref="oc-2d2"/>
      </symbol>
      <symbol id="sm-38d">
         <name>__mspabi_sral_3</name>
         <value>0xd0fe</value>
         <object_component_ref idref="oc-2d2"/>
      </symbol>
      <symbol id="sm-38e">
         <name>__mspabi_sral_1</name>
         <value>0xd106</value>
         <object_component_ref idref="oc-2d2"/>
      </symbol>
      <symbol id="sm-398">
         <name>__mspabi_mpyi_sw</name>
         <value>0xd364</value>
         <object_component_ref idref="oc-2bd"/>
      </symbol>
      <symbol id="sm-399">
         <name>__mspabi_mpyi</name>
         <value>0xd364</value>
         <object_component_ref idref="oc-2bd"/>
      </symbol>
      <symbol id="sm-3a3">
         <name>__mspabi_mpyl_sw</name>
         <value>0xd266</value>
         <object_component_ref idref="oc-2cd"/>
      </symbol>
      <symbol id="sm-3a4">
         <name>__mspabi_mpyl</name>
         <value>0xd266</value>
         <object_component_ref idref="oc-2cd"/>
      </symbol>
      <symbol id="sm-3ef">
         <name>__TI_printfi_minimal</name>
         <value>0xca1e</value>
         <object_component_ref idref="oc-293"/>
      </symbol>
      <symbol id="sm-3fe">
         <name>memccpy</name>
         <value>0xd2f6</value>
         <object_component_ref idref="oc-314"/>
      </symbol>
      <symbol id="sm-40c">
         <name>memset</name>
         <value>0xd350</value>
         <object_component_ref idref="oc-307"/>
      </symbol>
      <symbol id="sm-419">
         <name>strlen</name>
         <value>0xd3be</value>
         <object_component_ref idref="oc-2df"/>
      </symbol>
   </symbol_table>
   <title>Link successful</title>
</link_info>
